label: already in the bank (2803cca1f9a3)
label: already in the bank (74291e5bd5bf)
label: already in the bank (a0c593f91747)
label: already in the bank (de718dc0f4f4)
label: already in the bank (5bc227c14f21)
label: already in the bank (5f5306cc696a)
label: already in the bank (fe74a707addc)
label: stateOutsideCell false ← packages/core/src/index.ts#track (ddbd2329e8bc)
label: already in the bank (029df7133f30)
label: already in the bank (1d4dd8f4aa73)
label: already in the bank (f2f6bf94230e)
label: already in the bank (968ca8650f4f)
label: already in the bank (33daebf0016c)
label: already in the bank (26e29282ece7)
label: already in the bank (cf8b55fb5394)
label: already in the bank (1ab6f3217192)
label: already in the bank (e956ea48241a)
label: already in the bank (55a5dbf158d9)
label: already in the bank (ecabcb0dbd27)
label: already in the bank (13ae81d4db01)
label: stateOutsideCell false ← packages/core/src/index.ts#finishHook (957b78129b7c)
label: handRolledLifetime false ← packages/core/src/index.ts#finishHook (4abccd0fb91b)
label: already in the bank (f4a7ad92a638)
label: already in the bank (2d12c8bb0806)
label: stateOutsideCell false ← packages/core/src/index.ts#startBuildInstance (0a048f23b53d)
label: already in the bank (e3769df15606)
label: already in the bank (96fa71ad1d38)
label: already in the bank (42768584c19e)
label: already in the bank (d0449930d7e0)
label: already in the bank (91d067cf6138)
label: already in the bank (74231fbfce08)
label: already in the bank (09f26f29573d)
label: already in the bank (03712eeb3115)
label: already in the bank (0b71303844ec)
label: already in the bank (44388f5049c5)
label: already in the bank (dd47e9652412)
label: already in the bank (ee12117cf8ad)
label: already in the bank (73178fdd7e14)
label: already in the bank (ff36c8ffc26b)
label: stateOutsideCell false ← packages/core/src/index.ts#settleOutcome (f2b16018d20f)
label: already in the bank (51180ebe3519)
label: already in the bank (1550973621e3)
label: stateOutsideCell false ← packages/core/src/index.ts#closeLayer (5dff044b00bf)
label: stateOutsideCell false ← packages/core/src/index.ts#prepareTeardown (2ce28b4d9744)
label: stateOutsideCell false ← packages/core/src/index.ts#startClose (cb5b51ebef06)
label: stateOutsideCell false ← packages/core/src/index.ts#finishBuilt (e37bd34ac90a)
label: already in the bank (bbef9239ee6f)
label: stateOutsideCell false ← packages/core/src/index.ts#endInPlace (ba8b9e5b3436)
label: already in the bank (b40416ae2885)
label: already in the bank (1fe182402c9a)
label: already in the bank (7ca9a07de9aa)
label: already in the bank (165d5c3710cf)
label: already in the bank (b21541dc44cc)
label: stateOutsideCell false ← packages/core/src/index.ts#closingOf (1b3bad8e8d9a)
label: already in the bank (28dd8672c90f)
label: already in the bank (9ab38dee2795)
label: already in the bank (af609c771d28)
label: already in the bank (2e45b57afa6e)
label: already in the bank (807d021a6349)
label: already in the bank (1c8310ef1d7e)
label: already in the bank (97d8afcdbb3e)
label: already in the bank (ffee8470f4a6)
label: already in the bank (f36fc9c015c8)
label: already in the bank (b276a8a1d637)
label: stateOutsideCell false ← packages/core/src/index.ts#addError (a105f6d7a1f1)
label: already in the bank (40f2c9d29c69)
label: already in the bank (dccbe3cc4cd2)
label: stateOutsideCell false ← packages/core/src/index.ts#enterHookAccess (1ca5d54a7ba6)
label: stateOutsideCell false ← packages/core/src/index.ts#runHookBody (eab602bbb54e)
label: already in the bank (adcce4039982)
label: already in the bank (c1822e9ef6d6)
label: already in the bank (a53c839ba02f)
label: stateOutsideCell false ← packages/core/src/index.ts#canEndIdle (289a12ae81dc)
label: already in the bank (50808ba91a6a)
label: stateOutsideCell false ← packages/core/src/index.ts#detachNsLinked (d09f4c555bfd)
label: stateOutsideCell false ← packages/core/src/index.ts#runDefers (7c6d4ef3c802)
label: already in the bank (a0c593f91747)
label: already in the bank (de718dc0f4f4)
label: already in the bank (5bc227c14f21)
label: already in the bank (5f5306cc696a)
label: already in the bank (fe74a707addc)
label: already in the bank (ddbd2329e8bc)
label: already in the bank (029df7133f30)
label: already in the bank (1d4dd8f4aa73)
label: already in the bank (f2f6bf94230e)
label: already in the bank (968ca8650f4f)
label: already in the bank (33daebf0016c)
label: already in the bank (26e29282ece7)
label: already in the bank (cf8b55fb5394)
label: already in the bank (1ab6f3217192)
label: already in the bank (e956ea48241a)
label: already in the bank (55a5dbf158d9)
label: already in the bank (ecabcb0dbd27)
label: already in the bank (13ae81d4db01)
label: already in the bank (957b78129b7c)
label: already in the bank (4abccd0fb91b)
label: already in the bank (f4a7ad92a638)
label: already in the bank (2d12c8bb0806)
label: already in the bank (e3769df15606)
label: already in the bank (96fa71ad1d38)
label: already in the bank (42768584c19e)
label: already in the bank (d0449930d7e0)
label: already in the bank (91d067cf6138)
label: already in the bank (74231fbfce08)
label: already in the bank (09f26f29573d)
label: already in the bank (03712eeb3115)
label: already in the bank (d09f4c555bfd)
label: already in the bank (0b71303844ec)
label: already in the bank (44388f5049c5)
label: already in the bank (dd47e9652412)
label: already in the bank (ee12117cf8ad)
label: already in the bank (73178fdd7e14)
label: already in the bank (ff36c8ffc26b)
label: already in the bank (f2b16018d20f)
label: already in the bank (51180ebe3519)
label: already in the bank (1550973621e3)
label: already in the bank (5dff044b00bf)
label: already in the bank (2ce28b4d9744)
label: already in the bank (50808ba91a6a)
label: already in the bank (cb5b51ebef06)
label: already in the bank (e37bd34ac90a)
label: already in the bank (bbef9239ee6f)
label: already in the bank (ba8b9e5b3436)
label: already in the bank (b40416ae2885)
label: already in the bank (1fe182402c9a)
label: already in the bank (7ca9a07de9aa)
label: already in the bank (b21541dc44cc)
label: already in the bank (1b3bad8e8d9a)
label: already in the bank (28dd8672c90f)
label: already in the bank (9ab38dee2795)
label: already in the bank (af609c771d28)
label: already in the bank (2e45b57afa6e)
label: already in the bank (807d021a6349)
label: already in the bank (1c8310ef1d7e)
label: already in the bank (97d8afcdbb3e)
label: already in the bank (ffee8470f4a6)
label: already in the bank (f36fc9c015c8)
label: already in the bank (b276a8a1d637)
label: already in the bank (a105f6d7a1f1)
label: already in the bank (40f2c9d29c69)
label: already in the bank (dccbe3cc4cd2)
label: already in the bank (1ca5d54a7ba6)
label: already in the bank (eab602bbb54e)
label: already in the bank (adcce4039982)
label: already in the bank (c1822e9ef6d6)
label: already in the bank (a53c839ba02f)
