jev pre-flight (advisory) — clear or explain these before reporting

  - packages/core/src/index.ts: skipped: too big for one call (241203 > 100000 chars)

jev lint (advisory) — 1 file(s)

packages/core/src/index.ts
  ✓ function isThenable (L767)
  ✓ function extension (L778)
  ✓ function parse (L788)
  ✓ function admit (L798)
  ✓ function pushMany (L822)
  ✓ function readMany (L839)
  ℹ function data (L850): reads like a data (100%)
  ℹ function tag (L868): reads like a tag (85%)
  ✓ function namespace (L898)
  ✓ function nsChainOf (L912)
  ℹ function operation (L923): reads like an operation (100%)
  ✓ function seesResource (L959)
  ℹ function resource (L968): reads like a resource (100%)
  ✓ function nodeState (L1112)
  ⚠ function signalOf (L1130): stateOutsideCell 50%  ℹ reads like a resource (71%)
  ✓ function tapSessionHooks (L1234)
  ✓ function ensureAccepting (L1253)
  ⚠ function ensureRunning (L1263): stateOutsideCell 53%  ℹ reads like a resource (67%)
  ✓ function selectBucket (L1279)
  ✓ function effectiveEntry (L1303)
  ✓ function effectiveEntryNs (L1319)
  ✓ function readCell (L1334)
  ✓ function invalidateEff (L1343)
  ℹ function ownCell (L1349): reads like a data (80%)
  ✓ function flushCell (L1365)
  ✓ function flushOne (L1377)
  ✓ function notifyLayer (L1387)
  ℹ function writeCell (L1396): reads like a data (71%)
  ✓ function writeCellNs (L1413)
  ℹ function ownNsCell (L1428): reads like a data (69%)
  ✓ function flushInheritedNsWatchers (L1442)
  ✓ function shadowsNamedChange (L1455)
  ℹ function flushNsWatchers (L1462): reads like a resource (66%)
  ✓ function pendingNsWatchers (L1473)
  ✓ function topTag (L1494)
  ℹ function tagFind (L1502): reads like a tag (69%)
  ✓ function tagFindNs (L1517)
  ✓ function findBinding (L1533)
  ✓ function tagAll (L1544)
  ✓ function appendNsTags (L1555)
  ✓ function tagAllNs (L1564)
  ✓ function tagRequired (L1577)
  ✓ function presetFor (L1587)
  ⚠ function addWatcher (L1595): effectWithoutDefer 92%  ℹ reads like a resource (97%)
  ✓ function refreshNotified (L1609)
  ✓ function writeWithHooks (L1615)
  ℹ function dataController (L1638): reads like a data (83%)
  ⚠ function addWatcherNs (L1663): effectWithoutDefer 91%  ℹ reads like a resource (95%)
  ✓ function resolveControllerEdge (L1693)
  ✓ function resolveEdge (L1705)
  ✓ function resolveDep (L1719)
  ✓ function nanosFromMillis (L1765)
  ⚠ function makeObs (L1816): stateOutsideCell 59%
  ✓ function openSpan (L1836)
  ✓ function isolate (L1975)
  ⚠ function closeSpan (L1984): stateOutsideCell 64%
  ✓ function logStep (L2004)
  ✓ function settleSpan (L2020)
  ✓ function obsCtx (L2033)
  ✓ function logFor (L2056)
  ✓ function recordUsed (L2072)
  ✓ function runFailure (L2144)
  ⚠ function stick (L2153): stateOutsideCell 58%
  ✓ function failureOf (L2163)
  ⚠ function track (L2171): stateOutsideCell 51%
  ⚠ function addWork (L2196): stateOutsideCell 61%
  ✓ function endFor (L2254)
  ⚠ function runDefers (L2277): stateOutsideCell 50%
  ✓ function parseInput (L2316)
  ℹ function runBody (L2326): reads like an operation (90%)
  ℹ function runParked (L2338): reads like an operation (69%)
  ✓ function hasCallSession (L2419)
  ℹ function runTagged (L2432): reads like an operation (74%)
  ⚠ function endTaggedFrame (L2530): stateOutsideCell 58%
  ⚠ function runTaggedFrame (L2549): stateOutsideCell 56%  ℹ reads like an operation (77%)
  ✓ function runNsCall (L2582)
  ✓ function stripNs (L2596)
  ⚠ function releaseBorrows (L2604): stateOutsideCell 51%  ℹ reads like a resource (64%)
  ✓ function finishRun (L2613)
  ✓ function endsFlight (L2638)
  ℹ function finishAsyncRun (L2642): reads like an operation (62%)
  ✓ function executorFor (L2666)
  ℹ function runOnce (L2684): reads like an operation (98%)
  ℹ function operationController (L2742): reads like an operation (89%)
  ✓ function runUntagged (L2776)
  ✓ function ownerOf (L2797)
  ✓ function resolveSelectedDep (L2826)
  ⚠ function buildDeps (L2839): stateOutsideCell 67%
  ⚠ function buildPlainDeps (L2868): stateOutsideCell 55%
  ✓ function readOpDeps (L2884)
  ✓ function settleDeps (L2906)
  ✓ function resolveResourceDeps (L2912)
  ✓ function resolveNamedResourceDeps (L2937)
  ✓ function buildCtx (L3013)
  ✓ function emptyCtxFor (L3052)
  ⚠ function resolveExtension (L3058): stateOutsideCell 52%
  ⚠ function instanceOf (L3069): stateOutsideCell 58%  ℹ reads like a resource (89%)
  ✓ function hasPresetLayers (L3096)
  ✓ function needsHold (L3105)
  ⚠ function holdDependency (L3111): stateOutsideCell 58%
  ⚠ function unlinkInstance (L3118): stateOutsideCell 57%  ℹ reads like a resource (86%)
  ⚠ function drainReady (L3135): stateOutsideCell 56%  ℹ reads like a resource (83%)
  ⚠ function completeInstance (L3145): stateOutsideCell 69%  ℹ reads like a resource (87%)
  ⚠ function finishHook (L3158): stateOutsideCell 60%, handRolledLifetime 53%  ℹ reads like a resource (91%)
  ⚠ function finishInstance (L3178): stateOutsideCell 63%, handRolledLifetime 60%  ℹ reads like a resource (98%)
  ⚠ function startBuildInstance (L3196): stateOutsideCell 50%  ℹ reads like a resource (75%)
  ✓ function holdSelectedDependency (L3207)
  ⚠ function settleResourceInstance (L3222): stateOutsideCell 54%  ℹ reads like a resource (77%)
  ℹ function publishSyncResource (L3233): reads like a resource (64%)
  ℹ function failResourceBuild (L3246): reads like a resource (93%)
  ⚠ function buildHooklessResource (L3262): stateOutsideCell 55%  ℹ reads like a resource (99%)
  ℹ function buildResource (L3299): reads like a resource (95%)
  ⚠ function buildTrackedResource (L3318): stateOutsideCell 64%  ℹ reads like a resource (100%)
  ⚠ function finishAsyncBuild (L3392): stateOutsideCell 71%  ℹ reads like a resource (63%)
  ℹ function resourceController (L3428): reads like a resource (96%)
  ✓ function selectNsResource (L3462)
  ⚠ function ownNsResource (L3482): stateOutsideCell 53%
  ✓ function hasResourceNs (L3496)
  ℹ function resourceSlot (L3508): reads like a resource (85%)
  ✓ function namedResourceSlot (L3530)
  ℹ function readResourceState (L3544): reads like a resource (83%)
  ℹ function addDependent (L3559): reads like a resource (60%)
  ✓ function addNsDataDependent (L3571)
  ⚠ function linkNsResourceDependent (L3584): stateOutsideCell 62%
  ⚠ function linkNsDataDependent (L3590): stateOutsideCell 63%
  ✓ function selectNsDataEntry (L3599)
  ⚠ function detachNsDependencies (L3619): stateOutsideCell 55%  ℹ reads like a resource (76%)
  ⚠ function detachNsLinked (L3626): stateOutsideCell 51%
  ⚠ function detachNsResourceLinks (L3631): stateOutsideCell 52%
  ℹ function detachResourceDependencies (L3638): reads like a resource (78%)
  ℹ function detachDependent (L3650): reads like a resource (61%)
  ✓ function depNode (L3659)
  ⚠ function addBorrow (L3668): stateOutsideCell 58%
  ✓ function takeBorrows (L3674)
  ✓ function seedTags (L3686)
  ✓ function readBindings (L3699)
  ✓ function seedPresets (L3715)
  ✓ function makeRootLayer (L3722)
  ✓ function nsFor (L3737)
  ⚠ function makeLayer (L3748): stateOutsideCell 55%  ℹ reads like a resource (76%)
  ⚠ function layerRecord (L3767): stateOutsideCell 57%
  ✓ function traceFor (L3810)
  ⚠ function markSwept (L3824): stateOutsideCell 51%
  ⚠ function markAborted (L3837): stateOutsideCell 74%  ℹ reads like a resource (79%)
  ✓ function abortSubtree (L3846)
  ℹ function finishCloseInstance (L3865): reads like a resource (97%)
  ℹ function drainCloseEntry (L3875): reads like a resource (95%)
  ✓ function drainDefers (L3895)
  ⚠ function settleOutcome (L3905): stateOutsideCell 57%
  ⚠ function isIdle (L3933): stateOutsideCell 58%
  ⚠ function fastClose (L3949): stateOutsideCell 59%  ℹ reads like a resource (91%)
  ⚠ function canEndIdle (L3982): stateOutsideCell 50%
  ✓ function ownsNothing (L3995)
  ⚠ function closeLayer (L4015): stateOutsideCell 60%  ℹ reads like a resource (91%)
  ✓ function buildResult (L4039)
  ⚠ function prepareTeardown (L4056): stateOutsideCell 54%
  ✓ function collectLayerInstances (L4065)
  ⚠ function closeInstances (L4077): stateOutsideCell 53%  ℹ reads like a resource (87%)
  ℹ function startClose (L4097): reads like a resource (88%)
  ℹ function closeInstancesSync (L4154): reads like a resource (86%)
  ⚠ function finishBuilt (L4164): stateOutsideCell 53%
  ✓ function drainDefersSync (L4177)
  ✓ function drainRest (L4189)
  ℹ function drainEntrySync (L4201): reads like a resource (68%)
  ✓ function finishLayer (L4234)
  ✓ function settleSession (L4251)
  ⚠ function runSessionWith (L4268): stateOutsideCell 61%
  ℹ function endSession (L4315): reads like a resource (65%)
  ⚠ function endInPlace (L4329): stateOutsideCell 56%  ℹ reads like a resource (82%)
  ⚠ function settleSessionWith (L4341): stateOutsideCell 55%  ℹ reads like a resource (65%)
  ✓ function settleSessionEnded (L4372)
  ✓ function runSession (L4379)
  ✓ function runBodyWith (L4394)
  ✓ function adoptBody (L4411)
  ✓ function resolveNs (L4421)
  ✓ function controllerNs (L4434)
  ⚠ function runInline (L4450): ~wrapsCallersStep 60%
  ✓ function handleFor (L4477)
  ℹ function invalidateResource (L4599): reads like a resource (90%)
  ✓ function invalidateData (L4626)
  ✓ function forEachDependent (L4647)
  ✓ function visitDependents (L4661)
  ✓ function collectAffected (L4671)
  ✓ function releaseNode (L4705)
  ✓ function releaseNamed (L4725)
  ✓ function releaseNamedData (L4733)
  ℹ function releaseNamedResource (L4748): reads like a resource (74%)
  ✓ function drainRelease (L4755)
  ✓ function collectNamedRelease (L4764)
  ✓ function isLiveNamedRelease (L4783)
  ✓ function unlinkNamedState (L4791)
  ℹ function drainReleasedOwner (L4804): reads like a resource (67%)
  ℹ function drainHookless (L4819): reads like a resource (85%)
  ⚠ function drainReleased (L4831): handRolledLifetime 57%  ℹ reads like a resource (68%)
  ✓ function byDepthDesc (L4838)
  ℹ function collectReleasedInstances (L4851): reads like a resource (80%)
  ⚠ function orderReleased (L4867): stateOutsideCell 61%
  ✓ function invalidateAffected (L4874)
  ✓ function keepData (L4890)
  ✓ function freeData (L4906)
  ✓ function keepCellsOnly (L4928)
  ✓ function resolveHeld (L4944)
  ✓ function finalData (L4951)
  ✓ function ownEntry (L4965)
  ✓ function busyRecord (L4982)
  ✓ function adoptThenable (L5001)
  ✓ function walkEntry (L5015)
  ✓ function memoEntry (L5033)
  ✓ function freshEntry (L5047)
  ✓ function appendLayerTags (L5060)
  ✓ function appendBindings (L5065)
  ✓ function sessionThrough (L5084)
  ✓ function failedRun (L5122)
  ✓ function settleRun (L5135)
  ✓ function settledValue (L5148)
  ⚠ function recover (L5161): stateOutsideCell 69%
  ⚠ function closingOf (L5170): stateOutsideCell 56%  ℹ reads like a resource (86%)
  ✓ function detachLayer (L5182)
  ⚠ function runStartChain (L5198): stateOutsideCell 57%
  ✓ function withSessionCreate (L5430)
  ⚠ function wrapSession (L5447): effectWithoutDefer 58%, stateOutsideCell 56%  ℹ reads like a resource (81%)
  ⚠ function extendHandle (L5478): effectWithoutDefer 85%, stateOutsideCell 77%  ℹ reads like a resource (92%)
  ✓ function readExtRoutes (L5514)
  ⚠ function watchRootClose (L5535): stateOutsideCell 64%  ℹ reads like a resource (79%)
  ⚠ function listenForStop (L5592): effectWithoutDefer 70%, stateOutsideCell 59%  ℹ reads like a resource (99%)
  ✓ function resolveThrough (L5611)
  ✓ function runTaggedBody (L5638)
  ⚠ function runSessionWrapped (L5652): stateOutsideCell 63%
  ✓ function applyPresets (L5694)
  ✓ function thenDone (L5711)
  ⚠ function reentersTeardown (L5723): stateOutsideCell 65%
  ⚠ function addError (L5733): stateOutsideCell 65%
  ℹ function drainEntries (L5740): reads like a resource (61%)
  ℹ function closeEach (L5750): reads like a resource (85%)
  ⚠ function expandFrame (L5785): stateOutsideCell 62%
  ✓ function bestEffort (L5805)
  ✓ function failedResult (L5813)
  ✓ function propagateSweptOutcome (L5823)
  ✓ function runHookCall (L5839)
  ✓ function withHookAccess (L5879)
  ⚠ function hookCanRead (L5893): stateOutsideCell 56%
  ℹ function runHookChain (L5900): reads like an operation (70%)
  ✓ function hookCtx (L5941)
  ✓ function invokeRunHooks (L5950)
  ⚠ function enterHookAccess (L5961): stateOutsideCell 69%
  ✓ function stepRunHook (L5975)
  ⚠ function runHookBody (L5998): stateOutsideCell 52%  ℹ reads like an operation (91%)
  ⚠ function failHookRun (L6042): stateOutsideCell 55%
  ⚠ function finishHookRun (L6051): stateOutsideCell 55%
  ⚠ function createBorrows (L6079): stateOutsideCell 74%
  ✓ function hookEvent (L6086)

jev lint: 251 unit(s), 70 ⚠ flag(s), 71 ℹ note(s). By question: {"stateOutsideCell":66,"effectWithoutDefer":5,"handRolledLifetime":3,"~wrapsCallersStep":1}
Advisory only — model ⚠ hits are fixed or explained, then labeled (a ~ hit: read it, no line owed); unitCouldBeModuleLevel (code) is deterministic and needs no label or calibration. vp check / tests / the lead decide.

jev pre-flight: 0 file flag(s) plus the lint notes above. An ℹ note is a hint: no fix or label owed. A ~ hit is a calibrated-noisy judge: read it, no line owed. Every other flag: fixed or explained, then label it (tools/jev/label.mjs). Not a gate.
