jev pre-flight (advisory) — clear or explain these before reporting

  - packages/core/src/index.ts: skipped: too big for one call (241249 > 100000 chars)

jev lint (advisory) — 1 file(s)

packages/core/src/index.ts
  ✓ function isThenable (L767)
  ✓ function extension (L778)
  ✓ function parse (L788)
  ✓ function admit (L798)
  ✓ function pushMany (L822)
  ✓ function readMany (L839)
  ℹ function data (L850): reads like a data (100%)
  ℹ function tag (L868): reads like a tag (85%)
  ✓ function namespace (L898)
  ✓ function nsChainOf (L912)
  ⚠ function operation (L923): ~wrapsCallersStep 51%  ℹ reads like an operation (100%)
  ✓ function seesResource (L959)
  ℹ function resource (L968): reads like a resource (100%)
  ✓ function nodeState (L1112)
  ℹ function signalOf (L1130): reads like a resource (71%)
  ✓ function tapSessionHooks (L1234)
  ✓ function ensureAccepting (L1253)
  ℹ function ensureRunning (L1263): reads like a resource (65%)
  ✓ function selectBucket (L1279)
  ✓ function effectiveEntry (L1303)
  ✓ function effectiveEntryNs (L1319)
  ✓ function readCell (L1334)
  ✓ function invalidateEff (L1343)
  ℹ function ownCell (L1349): reads like a data (77%)
  ✓ function flushCell (L1365)
  ✓ function flushOne (L1377)
  ✓ function notifyLayer (L1387)
  ℹ function writeCell (L1396): reads like a data (72%)
  ✓ function writeCellNs (L1413)
  ℹ function ownNsCell (L1428): reads like a data (73%)
  ✓ function flushInheritedNsWatchers (L1442)
  ✓ function shadowsNamedChange (L1455)
  ℹ function flushNsWatchers (L1462): reads like a resource (67%)
  ✓ function pendingNsWatchers (L1473)
  ✓ function topTag (L1494)
  ✓ function tagFind (L1502)
  ✓ function tagFindNs (L1517)
  ✓ function findBinding (L1533)
  ✓ function tagAll (L1544)
  ✓ function appendNsTags (L1555)
  ✓ function tagAllNs (L1564)
  ✓ function tagRequired (L1577)
  ✓ function presetFor (L1587)
  ⚠ function addWatcher (L1595): effectWithoutDefer 92%  ℹ reads like a resource (97%)
  ✓ function refreshNotified (L1609)
  ✓ function writeWithHooks (L1615)
  ℹ function dataController (L1638): reads like a data (78%)
  ⚠ function addWatcherNs (L1663): effectWithoutDefer 92%  ℹ reads like a resource (94%)
  ✓ function resolveControllerEdge (L1693)
  ✓ function resolveEdge (L1705)
  ✓ function resolveDep (L1719)
  ✓ function nanosFromMillis (L1765)
  ⚠ function makeObs (L1816): stateOutsideCell 58%
  ✓ function openSpan (L1836)
  ✓ function isolate (L1975)
  ⚠ function closeSpan (L1984): stateOutsideCell 62%
  ✓ function logStep (L2004)
  ✓ function settleSpan (L2020)
  ✓ function obsCtx (L2033)
  ✓ function logFor (L2056)
  ✓ function recordUsed (L2072)
  ✓ function runFailure (L2145)
  ⚠ function stick (L2154): stateOutsideCell 62%
  ✓ function failureOf (L2164)
  ⚠ function track (L2172): stateOutsideCell 51%
  ⚠ function addWork (L2197): stateOutsideCell 66%
  ✓ function endFor (L2255)
  ✓ function runDefers (L2278)
  ✓ function parseInput (L2317)
  ℹ function runBody (L2327): reads like an operation (86%)
  ℹ function runParked (L2339): reads like an operation (73%)
  ✓ function hasCallSession (L2420)
  ℹ function runTagged (L2433): reads like an operation (73%)
  ⚠ function endTaggedFrame (L2531): stateOutsideCell 59%
  ⚠ function runTaggedFrame (L2550): stateOutsideCell 55%  ℹ reads like an operation (73%)
  ✓ function runNsCall (L2583)
  ✓ function stripNs (L2597)
  ⚠ function releaseBorrows (L2605): stateOutsideCell 52%  ℹ reads like a resource (66%)
  ✓ function finishRun (L2614)
  ✓ function endsFlight (L2639)
  ✓ function finishAsyncRun (L2643)
  ✓ function executorFor (L2667)
  ℹ function runOnce (L2685): reads like an operation (98%)
  ℹ function operationController (L2743): reads like an operation (90%)
  ✓ function runUntagged (L2777)
  ✓ function ownerOf (L2798)
  ✓ function resolveSelectedDep (L2827)
  ⚠ function buildDeps (L2840): stateOutsideCell 65%
  ⚠ function buildPlainDeps (L2869): stateOutsideCell 54%
  ✓ function readOpDeps (L2885)
  ✓ function settleDeps (L2907)
  ✓ function resolveResourceDeps (L2913)
  ✓ function resolveNamedResourceDeps (L2938)
  ✓ function buildCtx (L3014)
  ✓ function emptyCtxFor (L3053)
  ⚠ function resolveExtension (L3059): stateOutsideCell 53%
  ⚠ function instanceOf (L3070): stateOutsideCell 62%  ℹ reads like a resource (91%)
  ✓ function hasPresetLayers (L3097)
  ✓ function needsHold (L3106)
  ⚠ function holdDependency (L3112): stateOutsideCell 56%
  ⚠ function unlinkInstance (L3119): stateOutsideCell 56%  ℹ reads like a resource (90%)
  ⚠ function drainReady (L3136): stateOutsideCell 57%  ℹ reads like a resource (80%)
  ⚠ function completeInstance (L3146): stateOutsideCell 69%  ℹ reads like a resource (83%)
  ⚠ function finishHook (L3159): stateOutsideCell 59%, handRolledLifetime 55%  ℹ reads like a resource (92%)
  ⚠ function finishInstance (L3179): stateOutsideCell 60%, handRolledLifetime 63%  ℹ reads like a resource (97%)
  ℹ function startBuildInstance (L3197): reads like a resource (75%)
  ✓ function holdSelectedDependency (L3208)
  ⚠ function settleResourceInstance (L3223): stateOutsideCell 56%  ℹ reads like a resource (82%)
  ℹ function publishSyncResource (L3234): reads like a resource (68%)
  ℹ function failResourceBuild (L3247): reads like a resource (93%)
  ⚠ function buildHooklessResource (L3263): stateOutsideCell 54%  ℹ reads like a resource (99%)
  ℹ function buildResource (L3300): reads like a resource (97%)
  ⚠ function buildTrackedResource (L3319): stateOutsideCell 64%  ℹ reads like a resource (100%)
  ⚠ function finishAsyncBuild (L3393): stateOutsideCell 70%  ℹ reads like a resource (63%)
  ℹ function resourceController (L3429): reads like a resource (93%)
  ✓ function selectNsResource (L3463)
  ⚠ function ownNsResource (L3483): stateOutsideCell 57%
  ✓ function hasResourceNs (L3497)
  ℹ function resourceSlot (L3509): reads like a resource (85%)
  ✓ function namedResourceSlot (L3531)
  ℹ function readResourceState (L3545): reads like a resource (82%)
  ✓ function addDependent (L3560)
  ✓ function addNsDataDependent (L3572)
  ⚠ function linkNsResourceDependent (L3585): stateOutsideCell 54%
  ⚠ function linkNsDataDependent (L3591): stateOutsideCell 62%
  ✓ function selectNsDataEntry (L3600)
  ⚠ function detachNsDependencies (L3620): stateOutsideCell 52%  ℹ reads like a resource (78%)
  ⚠ function detachNsLinked (L3627): stateOutsideCell 50%
  ⚠ function detachNsResourceLinks (L3632): stateOutsideCell 53%
  ℹ function detachResourceDependencies (L3639): reads like a resource (76%)
  ℹ function detachDependent (L3651): reads like a resource (61%)
  ✓ function depNode (L3660)
  ⚠ function addBorrow (L3669): stateOutsideCell 60%
  ✓ function takeBorrows (L3675)
  ✓ function seedTags (L3687)
  ✓ function readBindings (L3700)
  ✓ function seedPresets (L3716)
  ✓ function makeRootLayer (L3723)
  ✓ function nsFor (L3738)
  ⚠ function makeLayer (L3749): stateOutsideCell 56%  ℹ reads like a resource (72%)
  ⚠ function layerRecord (L3768): stateOutsideCell 52%
  ✓ function traceFor (L3811)
  ⚠ function markSwept (L3825): stateOutsideCell 53%
  ⚠ function markAborted (L3838): stateOutsideCell 70%  ℹ reads like a resource (78%)
  ✓ function abortSubtree (L3847)
  ℹ function finishCloseInstance (L3866): reads like a resource (96%)
  ℹ function drainCloseEntry (L3876): reads like a resource (96%)
  ✓ function drainDefers (L3896)
  ⚠ function settleOutcome (L3906): stateOutsideCell 50%
  ⚠ function isIdle (L3934): stateOutsideCell 57%
  ⚠ function fastClose (L3950): stateOutsideCell 59%  ℹ reads like a resource (93%)
  ✓ function canEndIdle (L3983)
  ✓ function ownsNothing (L3996)
  ⚠ function closeLayer (L4016): stateOutsideCell 59%  ℹ reads like a resource (92%)
  ✓ function buildResult (L4040)
  ⚠ function prepareTeardown (L4057): stateOutsideCell 56%
  ✓ function collectLayerInstances (L4066)
  ⚠ function closeInstances (L4078): stateOutsideCell 51%  ℹ reads like a resource (88%)
  ⚠ function startClose (L4098): stateOutsideCell 52%  ℹ reads like a resource (87%)
  ℹ function closeInstancesSync (L4155): reads like a resource (86%)
  ⚠ function finishBuilt (L4165): stateOutsideCell 54%
  ✓ function drainDefersSync (L4178)
  ✓ function drainRest (L4190)
  ℹ function drainEntrySync (L4202): reads like a resource (65%)
  ✓ function finishLayer (L4235)
  ✓ function settleSession (L4252)
  ⚠ function runSessionWith (L4269): stateOutsideCell 59%
  ℹ function endSession (L4316): reads like a resource (66%)
  ⚠ function endInPlace (L4330): stateOutsideCell 58%  ℹ reads like a resource (80%)
  ⚠ function settleSessionWith (L4342): stateOutsideCell 53%  ℹ reads like a resource (68%)
  ✓ function settleSessionEnded (L4373)
  ✓ function runSession (L4380)
  ✓ function runBodyWith (L4395)
  ✓ function adoptBody (L4412)
  ✓ function resolveNs (L4422)
  ✓ function controllerNs (L4435)
  ⚠ function runInline (L4451): ~wrapsCallersStep 62%
  ✓ function handleFor (L4478)
  ℹ function invalidateResource (L4601): reads like a resource (91%)
  ✓ function invalidateData (L4628)
  ✓ function forEachDependent (L4649)
  ✓ function visitDependents (L4663)
  ✓ function collectAffected (L4673)
  ✓ function releaseNode (L4707)
  ✓ function releaseNamed (L4727)
  ✓ function releaseNamedData (L4735)
  ℹ function releaseNamedResource (L4750): reads like a resource (74%)
  ✓ function drainRelease (L4757)
  ✓ function collectNamedRelease (L4766)
  ✓ function isLiveNamedRelease (L4785)
  ✓ function unlinkNamedState (L4793)
  ℹ function drainReleasedOwner (L4806): reads like a resource (71%)
  ℹ function drainHookless (L4821): reads like a resource (83%)
  ⚠ function drainReleased (L4833): handRolledLifetime 56%  ℹ reads like a resource (74%)
  ✓ function byDepthDesc (L4840)
  ℹ function collectReleasedInstances (L4853): reads like a resource (76%)
  ⚠ function orderReleased (L4869): stateOutsideCell 64%
  ✓ function invalidateAffected (L4876)
  ✓ function keepData (L4892)
  ✓ function freeData (L4908)
  ✓ function keepCellsOnly (L4930)
  ✓ function resolveHeld (L4946)
  ✓ function finalData (L4953)
  ✓ function ownEntry (L4967)
  ✓ function busyRecord (L4984)
  ✓ function adoptThenable (L5003)
  ✓ function walkEntry (L5017)
  ✓ function memoEntry (L5035)
  ✓ function freshEntry (L5049)
  ✓ function appendLayerTags (L5062)
  ✓ function appendBindings (L5067)
  ✓ function sessionThrough (L5086)
  ✓ function failedRun (L5124)
  ✓ function settleRun (L5137)
  ✓ function settledValue (L5150)
  ⚠ function recover (L5163): stateOutsideCell 70%
  ⚠ function closingOf (L5172): stateOutsideCell 55%  ℹ reads like a resource (89%)
  ✓ function detachLayer (L5184)
  ⚠ function runStartChain (L5200): stateOutsideCell 59%
  ✓ function withSessionCreate (L5432)
  ⚠ function wrapSession (L5449): effectWithoutDefer 57%, stateOutsideCell 58%  ℹ reads like a resource (81%)
  ⚠ function extendHandle (L5480): effectWithoutDefer 86%, stateOutsideCell 77%  ℹ reads like a resource (93%)
  ✓ function readExtRoutes (L5516)
  ⚠ function watchRootClose (L5537): stateOutsideCell 65%  ℹ reads like a resource (81%)
  ⚠ function listenForStop (L5594): effectWithoutDefer 70%, stateOutsideCell 58%  ℹ reads like a resource (99%)
  ✓ function resolveThrough (L5613)
  ✓ function runTaggedBody (L5640)
  ⚠ function runSessionWrapped (L5654): ~wrapsCallersStep 53%, stateOutsideCell 63%
  ✓ function applyPresets (L5696)
  ✓ function thenDone (L5713)
  ⚠ function reentersTeardown (L5725): stateOutsideCell 66%
  ⚠ function addError (L5735): stateOutsideCell 66%
  ✓ function drainEntries (L5742)
  ℹ function closeEach (L5752): reads like a resource (80%)
  ⚠ function expandFrame (L5787): stateOutsideCell 62%
  ✓ function bestEffort (L5807)
  ✓ function failedResult (L5815)
  ✓ function propagateSweptOutcome (L5825)
  ✓ function runHookCall (L5841)
  ✓ function withHookAccess (L5881)
  ⚠ function hookCanRead (L5895): stateOutsideCell 59%
  ℹ function runHookChain (L5902): reads like an operation (72%)
  ✓ function hookCtx (L5943)
  ✓ function invokeRunHooks (L5952)
  ⚠ function enterHookAccess (L5963): stateOutsideCell 72%
  ✓ function stepRunHook (L5977)
  ⚠ function runHookBody (L6000): stateOutsideCell 52%  ℹ reads like an operation (91%)
  ⚠ function failHookRun (L6044): stateOutsideCell 56%
  ⚠ function finishHookRun (L6053): stateOutsideCell 55%
  ⚠ function createBorrows (L6081): stateOutsideCell 72%
  ✓ function hookEvent (L6088)

jev lint: 251 unit(s), 67 ⚠ flag(s), 67 ℹ note(s). By question: {"~wrapsCallersStep":3,"effectWithoutDefer":5,"stateOutsideCell":62,"handRolledLifetime":3}
Advisory only — model ⚠ hits are fixed or explained, then labeled (a ~ hit: read it, no line owed); unitCouldBeModuleLevel (code) is deterministic and needs no label or calibration. vp check / tests / the lead decide.

jev pre-flight: 0 file flag(s) plus the lint notes above. An ℹ note is a hint: no fix or label owed. A ~ hit is a calibrated-noisy judge: read it, no line owed. Every other flag: fixed or explained, then label it (tools/jev/label.mjs). Not a gate.
