jev pre-flight (advisory) — clear or explain these before reporting

  - packages/core/src/index.ts: skipped: too big for one call (241100 > 100000 chars)

jev lint (advisory) — 1 file(s)

packages/core/src/index.ts
  ✓ function isThenable (L767)
  ✓ function extension (L778)
  ✓ function parse (L788)
  ✓ function admit (L798)
  ✓ function pushMany (L822)
  ✓ function readMany (L839)
  ℹ function data (L850): reads like a data (100%)
  ℹ function tag (L868): reads like a tag (84%)
  ✓ function namespace (L898)
  ✓ function nsChainOf (L912)
  ℹ function operation (L923): reads like an operation (100%)
  ✓ function seesResource (L959)
  ℹ function resource (L968): reads like a resource (100%)
  ✓ function nodeState (L1112)
  ⚠ function signalOf (L1130): stateOutsideCell 53%  ℹ reads like a resource (74%)
  ✓ function tapSessionHooks (L1234)
  ✓ function ensureAccepting (L1253)
  ⚠ function ensureRunning (L1263): stateOutsideCell 52%  ℹ reads like a resource (60%)
  ✓ function selectBucket (L1279)
  ✓ function effectiveEntry (L1303)
  ✓ function effectiveEntryNs (L1319)
  ✓ function readCell (L1334)
  ✓ function invalidateEff (L1343)
  ℹ function ownCell (L1349): reads like a data (80%)
  ✓ function flushCell (L1365)
  ✓ function flushOne (L1377)
  ✓ function notifyLayer (L1387)
  ℹ function writeCell (L1396): reads like a data (70%)
  ℹ function writeCellNs (L1413): reads like a data (64%)
  ℹ function ownNsCell (L1428): reads like a data (71%)
  ✓ function flushInheritedNsWatchers (L1442)
  ✓ function shadowsNamedChange (L1455)
  ℹ function flushNsWatchers (L1462): reads like a resource (65%)
  ✓ function pendingNsWatchers (L1473)
  ✓ function topTag (L1494)
  ℹ function tagFind (L1502): reads like a tag (64%)
  ✓ function tagFindNs (L1517)
  ✓ function findBinding (L1533)
  ✓ function tagAll (L1544)
  ✓ function appendNsTags (L1555)
  ✓ function tagAllNs (L1564)
  ✓ function tagRequired (L1577)
  ✓ function presetFor (L1587)
  ⚠ function addWatcher (L1595): effectWithoutDefer 92%  ℹ reads like a resource (96%)
  ✓ function refreshNotified (L1609)
  ✓ function writeWithHooks (L1615)
  ℹ function dataController (L1638): reads like a data (77%)
  ⚠ function addWatcherNs (L1663): effectWithoutDefer 91%  ℹ reads like a resource (95%)
  ✓ function resolveControllerEdge (L1693)
  ✓ function resolveEdge (L1705)
  ✓ function resolveDep (L1719)
  ✓ function nanosFromMillis (L1765)
  ⚠ function makeObs (L1816): stateOutsideCell 61%
  ✓ function openSpan (L1836)
  ✓ function isolate (L1975)
  ⚠ function closeSpan (L1984): stateOutsideCell 63%
  ✓ function logStep (L2004)
  ✓ function settleSpan (L2020)
  ✓ function obsCtx (L2033)
  ✓ function logFor (L2056)
  ✓ function recordUsed (L2072)
  ✓ function runFailure (L2144)
  ⚠ function stick (L2153): stateOutsideCell 58%
  ✓ function failureOf (L2163)
  ⚠ function track (L2171): stateOutsideCell 53%
  ⚠ function addWork (L2196): stateOutsideCell 63%
  ✓ function endFor (L2253)
  ✓ function runDefers (L2276)
  ✓ function parseInput (L2315)
  ℹ function runBody (L2325): reads like an operation (91%)
  ℹ function runParked (L2337): reads like an operation (70%)
  ✓ function hasCallSession (L2418)
  ℹ function runTagged (L2431): reads like an operation (72%)
  ⚠ function endTaggedFrame (L2529): stateOutsideCell 58%
  ⚠ function runTaggedFrame (L2548): stateOutsideCell 54%  ℹ reads like an operation (77%)
  ✓ function runNsCall (L2581)
  ✓ function stripNs (L2595)
  ⚠ function releaseBorrows (L2603): stateOutsideCell 50%
  ✓ function finishRun (L2612)
  ✓ function endsFlight (L2637)
  ✓ function finishAsyncRun (L2641)
  ✓ function executorFor (L2665)
  ℹ function runOnce (L2683): reads like an operation (98%)
  ℹ function operationController (L2741): reads like an operation (86%)
  ✓ function runUntagged (L2775)
  ✓ function ownerOf (L2796)
  ✓ function resolveSelectedDep (L2825)
  ⚠ function buildDeps (L2838): stateOutsideCell 65%
  ⚠ function buildPlainDeps (L2867): stateOutsideCell 54%
  ✓ function readOpDeps (L2883)
  ✓ function settleDeps (L2905)
  ✓ function resolveResourceDeps (L2911)
  ✓ function resolveNamedResourceDeps (L2936)
  ✓ function buildCtx (L3012)
  ✓ function emptyCtxFor (L3051)
  ⚠ function resolveExtension (L3057): stateOutsideCell 51%
  ⚠ function instanceOf (L3068): stateOutsideCell 59%  ℹ reads like a resource (91%)
  ✓ function hasPresetLayers (L3095)
  ✓ function needsHold (L3104)
  ⚠ function holdDependency (L3110): stateOutsideCell 54%
  ⚠ function unlinkInstance (L3117): stateOutsideCell 55%  ℹ reads like a resource (89%)
  ⚠ function drainReady (L3134): stateOutsideCell 56%  ℹ reads like a resource (82%)
  ⚠ function completeInstance (L3144): stateOutsideCell 69%  ℹ reads like a resource (87%)
  ⚠ function finishHook (L3157): stateOutsideCell 57%, handRolledLifetime 59%  ℹ reads like a resource (89%)
  ⚠ function finishInstance (L3177): stateOutsideCell 62%, handRolledLifetime 60%  ℹ reads like a resource (95%)
  ⚠ function startBuildInstance (L3195): stateOutsideCell 50%  ℹ reads like a resource (80%)
  ✓ function holdSelectedDependency (L3206)
  ⚠ function settleResourceInstance (L3221): stateOutsideCell 53%  ℹ reads like a resource (80%)
  ℹ function publishSyncResource (L3232): reads like a resource (64%)
  ℹ function failResourceBuild (L3245): reads like a resource (94%)
  ⚠ function buildHooklessResource (L3261): stateOutsideCell 54%  ℹ reads like a resource (99%)
  ℹ function buildResource (L3298): reads like a resource (95%)
  ⚠ function buildTrackedResource (L3317): stateOutsideCell 65%  ℹ reads like a resource (99%)
  ⚠ function finishAsyncBuild (L3391): stateOutsideCell 71%  ℹ reads like a resource (66%)
  ℹ function resourceController (L3427): reads like a resource (91%)
  ✓ function selectNsResource (L3461)
  ⚠ function ownNsResource (L3481): stateOutsideCell 53%
  ✓ function hasResourceNs (L3495)
  ℹ function resourceSlot (L3507): reads like a resource (85%)
  ✓ function namedResourceSlot (L3529)
  ℹ function readResourceState (L3543): reads like a resource (84%)
  ✓ function addDependent (L3558)
  ✓ function addNsDataDependent (L3570)
  ⚠ function linkNsResourceDependent (L3583): stateOutsideCell 59%
  ⚠ function linkNsDataDependent (L3589): stateOutsideCell 64%
  ✓ function selectNsDataEntry (L3598)
  ⚠ function detachNsDependencies (L3618): stateOutsideCell 51%  ℹ reads like a resource (80%)
  ✓ function detachNsLinked (L3625)
  ⚠ function detachNsResourceLinks (L3630): stateOutsideCell 55%
  ℹ function detachResourceDependencies (L3637): reads like a resource (73%)
  ✓ function detachDependent (L3649)
  ✓ function depNode (L3658)
  ⚠ function addBorrow (L3667): stateOutsideCell 60%
  ✓ function takeBorrows (L3673)
  ✓ function seedTags (L3685)
  ✓ function readBindings (L3698)
  ✓ function seedPresets (L3714)
  ✓ function makeRootLayer (L3721)
  ✓ function nsFor (L3736)
  ⚠ function makeLayer (L3747): stateOutsideCell 54%  ℹ reads like a resource (74%)
  ⚠ function layerRecord (L3766): stateOutsideCell 57%
  ✓ function traceFor (L3809)
  ⚠ function markSwept (L3823): stateOutsideCell 55%
  ⚠ function markAborted (L3836): stateOutsideCell 75%  ℹ reads like a resource (77%)
  ✓ function abortSubtree (L3845)
  ℹ function finishCloseInstance (L3864): reads like a resource (94%)
  ℹ function drainCloseEntry (L3874): reads like a resource (96%)
  ✓ function drainDefers (L3894)
  ⚠ function settleOutcome (L3904): stateOutsideCell 57%
  ⚠ function isIdle (L3932): stateOutsideCell 57%
  ⚠ function fastClose (L3948): stateOutsideCell 58%  ℹ reads like a resource (89%)
  ✓ function canEndIdle (L3981)
  ✓ function ownsNothing (L3994)
  ⚠ function closeLayer (L4014): stateOutsideCell 60%  ℹ reads like a resource (93%)
  ✓ function buildResult (L4038)
  ⚠ function prepareTeardown (L4055): stateOutsideCell 54%
  ✓ function collectLayerInstances (L4064)
  ℹ function closeInstances (L4076): reads like a resource (88%)
  ⚠ function startClose (L4096): stateOutsideCell 51%  ℹ reads like a resource (86%)
  ℹ function closeInstancesSync (L4153): reads like a resource (84%)
  ⚠ function finishBuilt (L4163): stateOutsideCell 53%
  ✓ function drainDefersSync (L4176)
  ✓ function drainRest (L4188)
  ℹ function drainEntrySync (L4200): reads like a resource (64%)
  ✓ function finishLayer (L4233)
  ✓ function settleSession (L4250)
  ⚠ function runSessionWith (L4267): stateOutsideCell 57%
  ℹ function endSession (L4314): reads like a resource (68%)
  ⚠ function endInPlace (L4328): stateOutsideCell 57%  ℹ reads like a resource (84%)
  ⚠ function settleSessionWith (L4340): stateOutsideCell 54%  ℹ reads like a resource (66%)
  ✓ function settleSessionEnded (L4371)
  ✓ function runSession (L4378)
  ✓ function runBodyWith (L4393)
  ✓ function adoptBody (L4410)
  ✓ function resolveNs (L4420)
  ✓ function controllerNs (L4433)
  ⚠ function runInline (L4449): ~wrapsCallersStep 61%
  ✓ function handleFor (L4476)
  ℹ function invalidateResource (L4598): reads like a resource (89%)
  ✓ function invalidateData (L4625)
  ✓ function forEachDependent (L4646)
  ✓ function visitDependents (L4660)
  ✓ function collectAffected (L4670)
  ✓ function releaseNode (L4704)
  ✓ function releaseNamed (L4724)
  ✓ function releaseNamedData (L4732)
  ℹ function releaseNamedResource (L4747): reads like a resource (65%)
  ✓ function drainRelease (L4754)
  ✓ function collectNamedRelease (L4763)
  ✓ function isLiveNamedRelease (L4782)
  ✓ function unlinkNamedState (L4790)
  ℹ function drainReleasedOwner (L4803): reads like a resource (68%)
  ℹ function drainHookless (L4818): reads like a resource (84%)
  ⚠ function drainReleased (L4830): handRolledLifetime 57%  ℹ reads like a resource (72%)
  ✓ function byDepthDesc (L4837)
  ℹ function collectReleasedInstances (L4850): reads like a resource (77%)
  ⚠ function orderReleased (L4866): stateOutsideCell 62%
  ✓ function invalidateAffected (L4873)
  ⚠ function keepData (L4889): stateOutsideCell 51%
  ✓ function freeData (L4905)
  ✓ function keepCellsOnly (L4927)
  ✓ function resolveHeld (L4943)
  ✓ function finalData (L4950)
  ✓ function ownEntry (L4964)
  ✓ function busyRecord (L4981)
  ✓ function adoptThenable (L5000)
  ✓ function walkEntry (L5014)
  ✓ function memoEntry (L5032)
  ✓ function freshEntry (L5046)
  ✓ function appendLayerTags (L5059)
  ✓ function appendBindings (L5064)
  ✓ function sessionThrough (L5083)
  ✓ function failedRun (L5121)
  ✓ function settleRun (L5134)
  ✓ function settledValue (L5147)
  ⚠ function recover (L5160): stateOutsideCell 68%
  ⚠ function closingOf (L5169): stateOutsideCell 57%  ℹ reads like a resource (88%)
  ✓ function detachLayer (L5181)
  ⚠ function runStartChain (L5197): stateOutsideCell 56%
  ✓ function withSessionCreate (L5429)
  ⚠ function wrapSession (L5446): effectWithoutDefer 55%, stateOutsideCell 60%  ℹ reads like a resource (82%)
  ⚠ function extendHandle (L5477): effectWithoutDefer 85%, stateOutsideCell 78%  ℹ reads like a resource (94%)
  ✓ function readExtRoutes (L5513)
  ⚠ function watchRootClose (L5534): stateOutsideCell 63%  ℹ reads like a resource (83%)
  ⚠ function listenForStop (L5591): effectWithoutDefer 70%, stateOutsideCell 57%  ℹ reads like a resource (99%)
  ✓ function resolveThrough (L5610)
  ✓ function runTaggedBody (L5637)
  ⚠ function runSessionWrapped (L5651): ~wrapsCallersStep 52%, stateOutsideCell 64%
  ✓ function applyPresets (L5693)
  ✓ function thenDone (L5710)
  ⚠ function reentersTeardown (L5722): stateOutsideCell 65%
  ⚠ function addError (L5732): stateOutsideCell 67%
  ✓ function drainEntries (L5739)
  ℹ function closeEach (L5749): reads like a resource (87%)
  ⚠ function expandFrame (L5784): stateOutsideCell 61%
  ✓ function bestEffort (L5804)
  ✓ function failedResult (L5812)
  ✓ function propagateSweptOutcome (L5822)
  ✓ function runHookCall (L5838)
  ✓ function withHookAccess (L5878)
  ⚠ function hookCanRead (L5892): stateOutsideCell 57%
  ℹ function runHookChain (L5899): reads like an operation (72%)
  ✓ function hookCtx (L5940)
  ✓ function invokeRunHooks (L5949)
  ⚠ function enterHookAccess (L5960): stateOutsideCell 69%
  ✓ function stepRunHook (L5974)
  ⚠ function runHookBody (L5997): stateOutsideCell 54%  ℹ reads like an operation (92%)
  ⚠ function failHookRun (L6041): stateOutsideCell 52%
  ⚠ function finishHookRun (L6050): stateOutsideCell 55%
  ⚠ function createBorrows (L6078): stateOutsideCell 76%
  ✓ function hookEvent (L6085)

jev lint: 251 unit(s), 68 ⚠ flag(s), 67 ℹ note(s). By question: {"stateOutsideCell":64,"effectWithoutDefer":5,"handRolledLifetime":3,"~wrapsCallersStep":2}
Advisory only — model ⚠ hits are fixed or explained, then labeled (a ~ hit: read it, no line owed); unitCouldBeModuleLevel (code) is deterministic and needs no label or calibration. vp check / tests / the lead decide.

jev pre-flight: 0 file flag(s) plus the lint notes above. An ℹ note is a hint: no fix or label owed. A ~ hit is a calibrated-noisy judge: read it, no line owed. Every other flag: fixed or explained, then label it (tools/jev/label.mjs). Not a gate.
