jev promises (advisory) — ../apps/start-scaffold: 68 test titles, 200 README candidates

  ✓ a real account can sign up, save its name, sign out and sign in  ← Real accounts can sign up, sign in, sign out, and save a profile.… (99%)
  ✓ a refused save leaves the root usable  ← Refused work leaves the server root usable.… (94%)
  ✓ a later action failure cannot undo a committed profile save  ← A profile save is complete after commit and mail acceptance.… (52%)
  ✓ a native commit failure never returns a saved profile  ← A native commit failure never returns a saved profile.… (100%)
  ✓ email check and reset callbacks use the declared mail action  ← Email check and reset callbacks use the declared mail action.… (100%)
  ✓ an HTTP request makes two spans and records its status  ← Its `http <METHOD> <path>` child span records method, path, and status… (68%)
  ✓ closing the HTTP resource aborts a request still in flight  ← Closing the HTTP resource aborts requests still in flight.… (97%)
  ✓ a bound HTTP backend gets the request and returns text without network  ← A bound HTTP backend gets the request and returns text without network… (100%)
  ✓ network failures keep method, path, and only cause name and code  ← Network failures keep method, path, and only cause name and code.… (100%)
  ✓ an abort failure keeps its numeric code without its message  ← An abort failure keeps its numeric code without its message.… (100%)
  ✓ a string cause keeps the outer error name and code without private text  ← A string cause keeps the outer error name and code without private tex… (100%)
  ✓ network failures keep readable cause fields when the other field has a wrong type  ← Network failures keep readable cause fields when the other field has a… (100%)
  ✓ closing the caller aborts HTTP body reading  ← Closing the caller aborts HTTP body reading.… (100%)
  ✓ an HTTP method is normalized once for sending and spans  ← An HTTP method is normalized once for sending and spans.… (100%)
  ✓ an HTTP method rejects non-token characters before sending  ← An HTTP method rejects non-token characters before sending.… (100%)
  ✓ HTTP replies keep each set-cookie value and joined repeated headers  ← HTTP replies keep each set-cookie value and joined repeated headers.… (100%)
  ✓ backend stop settles a server function's signalled HTTP call  ← Backend stop settles a server function's signalled HTTP call.… (100%)
  ✓ request end settles its tagged HTTP call and leaves siblings open  ← Request end settles its tagged HTTP call and leaves siblings open.… (100%)
  ✓ ending the server function's call signal still cancels its HTTP work  ← Ending the server function's call signal still cancels its HTTP work.… (100%)
  ✓ forced root and session closes still cancel a never-answering HTTP request  ← Forced root and session closes still cancel a never-answering HTTP req… (100%)
  ✓ backend stop settles HTTP while other running work finishes  ← Backend stop settles HTTP while other running work finishes.… (100%)
  ✓ a direct graceful session close settles a hung HTTP send without stop tags  ← A direct graceful session close settles a hung HTTP send without stop … (100%)
  ✓ a direct graceful root close reaches a session's hung HTTP send without stop tags  ← A direct graceful root close reaches a session's hung HTTP send withou… (100%)
  ✓ backendStop ends a pending HTTP send without closing its root  ← BackendStop ends a pending HTTP send without closing its root.… (100%)
  ✓ running work finishes on graceful close when the HTTP backend answers  ← Running work finishes on graceful close when the HTTP backend answers.… (100%)
  ✓ telemetry takes a plain batch and returns no HTTP reply  ← Telemetry operations take a plain batch and return no HTTP reply.… (98%)
  ✓ telemetry raises a managed error after backend stop  ← A stopped telemetry backend raises a managed error before ingest.… (94%)
  ✓ sync takes a cursor param and returns the body stream  ← Sync operations take a cursor param and return the owned body stream.… (99%)
  ✓ telemetry wire keeps status, all headers, and body for each input case  ← Telemetry routes keep each input case's status, headers, and body.… (99%)
  ✓ sync wire keeps open, Last-Event-ID precedence, and bad cursor replies  ← Sync routes keep open, Last-Event-ID precedence, and bad cursor replie… (92%)
  ✓ the public transport entry keeps the mounted auth handler private  ← The public transport entry keeps the mounted auth handler private.… (100%)
  ✓ sync does not turn a request read failure into a bad cursor reply  ← Sync request read failures pass through the cursor check.… (79%)
  ✓ sync does not turn a downstream validation failure into a bad cursor reply  ← Sync downstream validation failures pass through without a bad cursor … (97%)
  ✓ SQL notifications wake after commit, stay silent on rollback, and survive a read before waiting  ← Commit wakes SSE; rollback publishes no wake.… (84%)
  ? SSE replays the supplied cursor and a held reader receives the next committed batch  — no README line (47%, unsure)
  ✓ private SSE cursors are refused and a revoked held stream sends no saved private rows  ← A revoked session receives no queued private rows.… (48%)
  ✓ reconnecting from applied cursors finishes a save whose final event committed while disconnected  ← A final result replay completes a wait after disconnect.… (81%)
  ✓ a quiet private stream closes at the heartbeat after sign-out  ← A quiet private stream closes at the heartbeat after sign-out.… (100%)
  ✓ an event before its receipt finishes only after saved records are applied  ← Events before receipts finish waits after saved records are applied.… (98%)
  ✓ replayed events and older snapshots leave newer records and dirty drafts alone  ← Replayed events and old snapshots keep newer records and drafts.… (95%)
  ✓ account exit stops local waits and ignores an old account's late response  ← Account exit stops waits and ignores late old responses.… (99%)
  ✓ concurrent public writes replay in commit order and a repeated receipt changes nothing  ← Concurrent public writes replay in commit order.… (87%)
  ✓ private cursors cannot read another real account's history  ← SSE replays saved events and refuses another account's cursor.… (89%)
  ✓ failed notification keeps the saved profile and retry sends only the notification  ← Failed mail keeps the name and retry sends only mail.… (93%)
  ✓ request exit cannot strand a profile that already committed  ← Committed profile work finishes after its request exits.… (95%)
  ✓ saved names stay readable while duplicate receipts share one pending notification  ← Saved names stay readable while duplicate requests share a send.… (78%)
  ✓ binding after the factory ends closes the tab once on a real page hide  ← Binding after the factory ends closes the tab once on a real page hide… (100%)
  ✓ the server side has no page and binds without listening  ← The server side has no page and binds without listening.… (100%)
  ✓ finished operation traces and Pino logs reach their HTTP receivers  ← Finished traces and Pino logs reach their HTTP receivers.… (93%)
  ✓ storage failure keeps the business result and retries retained records  ← Storage failure keeps bounded records for retry.… (74%)
  ✓ owner close flushes finished records without a scheduled browser timer  ← Owner close flushes finished records without a scheduled browser timer… (100%)
  ✓ a stuck receiver is aborted by the owned Core clock during close  ← A stuck receiver is aborted by the owned Core clock during close.… (100%)
  ✓ browser ingest accepts only same-origin bounded browser records  ← Browser ingest refuses foreign origins, bad shapes, and large bodies.… (97%)
  ✓ a full telemetry queue reports dropped records within its bound  ← Storage failure can drop records when its bounded queue fills.… (81%)
  ? scope exit cancels an unfinished telemetry request body  — no README line (64%, unsure)
  ✓ accepted telemetry frees the byte budget for later records  ← Accepted telemetry frees the byte budget for later records.… (100%)
  ✓ telemetry uses the HTTP backend without tracing its own requests  ← Telemetry uses the HTTP backend without tracing its own requests.… (100%)
  ✓ two real accounts can change only their own saved todos  ← Another account's todo ID cannot change or delete its row.… (62%)
  ✓ signed-out todo reads and writes are refused  ← Signed-out private writes open no transaction.… (54%)
  ✓ todo changes reject empty titles, long titles, and caller-selected owners  ← Empty titles and caller-selected owners are refused.… (91%)
  ✓ an unbound Start request fails before next or session creation  ← Unbound middleware fails before calling its next step.… (63%)
  ✓ the request stays open until its stream ends or is cancelled  ← A body ending or being cancelled closes its session and work.… (72%)
  ✓ cancelling a body aborts active work before a pending pull can close gracefully  ← Closing the caller aborts HTTP body reading.… (36%)
  ✓ scope shutdown cancels response bodies left open  ← Scope close cancels response readers left open by their consumer.… (74%)
  ✓ a stream checks the session once at open and once for the next wake  ← A stream checks the session once at open and once for the next wake.… (100%)
  ✓ a signed-out private redirect loads one snapshot across separate renders  ← A signed-out private redirect loads one snapshot across separate rende… (100%)
  ✓ sign-in, an old stream account event, and route loads fetch one signed-in snapshot  ← Sign-in, an old stream account event, and route loads fetch one signed… (100%)
  ✓ a private route check clears cached records after another tab signs out  ← A private route check clears cached records after another tab signs ou… (100%)

jev promises: 0/68 titles have no README line (2 more unsure, under 70%). Write the gaps, or say why they are not promises.
