
> @tinker-start-scaffold@0.1.0 check:plain
> node scripts/check-plain.mjs --prove

Plain check passed: 78 files, 17 plain functions (cap 17).
PASS: operation-request-input-cast operation-wire-input EXIT 1; /tmp/start-plain-proof-operation-request-input-cast.log
PASS: response-resource-unknown protocol-response EXIT 1; /tmp/start-plain-proof-response-resource-unknown.log
PASS: response-resource-method-unknown protocol-response EXIT 1; /tmp/start-plain-proof-response-resource-method-unknown.log
PASS: response-reflect-construct protocol-response EXIT 1; /tmp/start-plain-proof-response-reflect-construct.log
PASS: response-type-reference protocol-response EXIT 1; /tmp/start-plain-proof-response-type-reference.log
PASS: response-route-allowed allowed EXIT 0; /tmp/start-plain-proof-response-route-allowed.log
PASS: response-scaffold-allowed allowed EXIT 0; /tmp/start-plain-proof-response-scaffold-allowed.log
PASS: response-local-type-allowed allowed EXIT 0; /tmp/start-plain-proof-response-local-type-allowed.log
PASS: request-headers-constant-key protocol-headers EXIT 1; /tmp/start-plain-proof-request-headers-constant-key.log
PASS: http-backend-constant-key http-backend EXIT 1; /tmp/start-plain-proof-http-backend-constant-key.log
PASS: operation-request-custom-reader operation-wire-input EXIT 1; /tmp/start-plain-proof-operation-request-custom-reader.log
PASS: mounted-auth-bracket protocol-auth EXIT 1; /tmp/start-plain-proof-mounted-auth-bracket.log
PASS: request-headers-bracket protocol-headers EXIT 1; /tmp/start-plain-proof-request-headers-bracket.log
PASS: mounted-auth-testing protocol-auth EXIT 1; /tmp/start-plain-proof-mounted-auth-testing.log
PASS: mounted-auth-direct protocol-auth EXIT 1; /tmp/start-plain-proof-mounted-auth-direct.log
PASS: mounted-auth-scaffold protocol-auth EXIT 1; /tmp/start-plain-proof-mounted-auth-scaffold.log
PASS: request-headers-testing protocol-headers EXIT 1; /tmp/start-plain-proof-request-headers-testing.log
PASS: request-headers-direct protocol-headers EXIT 1; /tmp/start-plain-proof-request-headers-direct.log
PASS: request-headers-scaffold allowed EXIT 0; /tmp/start-plain-proof-request-headers-scaffold.log
PASS: operation-response-callback operation-wire-output EXIT 1; /tmp/start-plain-proof-operation-response-callback.log
PASS: operation-response-cast operation-wire-output EXIT 1; /tmp/start-plain-proof-operation-response-cast.log
PASS: operation-response-array operation-wire-output EXIT 1; /tmp/start-plain-proof-operation-response-array.log
PASS: operation-response-object operation-wire-output EXIT 1; /tmp/start-plain-proof-operation-response-object.log
PASS: operation-request-destructured operation-wire-input EXIT 1; /tmp/start-plain-proof-operation-request-destructured.log
PASS: operation-request-type-alias operation-wire-input EXIT 1; /tmp/start-plain-proof-operation-request-type-alias.log
PASS: operation-options-spread operation-options EXIT 1; /tmp/start-plain-proof-operation-options-spread.log
PASS: operation-options-variable operation-options EXIT 1; /tmp/start-plain-proof-operation-options-variable.log
PASS: operation-response-typed-callback operation-wire-output EXIT 1; /tmp/start-plain-proof-operation-response-typed-callback.log
PASS: dynamic-require-alias http-client EXIT 1; /tmp/start-plain-proof-dynamic-require-alias.log
PASS: create-require-destructured http-client EXIT 1; /tmp/start-plain-proof-create-require-destructured.log
PASS: operation-request operation-wire-input EXIT 1; /tmp/start-plain-proof-operation-request.log
PASS: operation-request-alias operation-wire-input EXIT 1; /tmp/start-plain-proof-operation-request-alias.log
PASS: operation-response operation-wire-output EXIT 1; /tmp/start-plain-proof-operation-response.log
PASS: operation-response-async operation-wire-output EXIT 1; /tmp/start-plain-proof-operation-response-async.log
PASS: operation-response-union operation-wire-output EXIT 1; /tmp/start-plain-proof-operation-response-union.log
PASS: destructured-fetch-shorthand http-request EXIT 1; /tmp/start-plain-proof-destructured-fetch-shorthand.log
PASS: destructured-beacon http-client EXIT 1; /tmp/start-plain-proof-destructured-beacon.log
PASS: destructured-xhr http-client EXIT 1; /tmp/start-plain-proof-destructured-xhr.log
PASS: dynamic-import http-client EXIT 1; /tmp/start-plain-proof-dynamic-import.log
PASS: dynamic-require http-client EXIT 1; /tmp/start-plain-proof-dynamic-require.log
PASS: create-require http-client EXIT 1; /tmp/start-plain-proof-create-require.log
PASS: create-require-namespace http-client EXIT 1; /tmp/start-plain-proof-create-require-namespace.log
PASS: type-export-client allowed EXIT 0; /tmp/start-plain-proof-type-export-client.log
PASS: client-net http-client EXIT 1; /tmp/start-plain-proof-client-net.log
PASS: client-tls http-client EXIT 1; /tmp/start-plain-proof-client-tls.log
PASS: client-dgram http-client EXIT 1; /tmp/start-plain-proof-client-dgram.log
PASS: client-node-dgram http-client EXIT 1; /tmp/start-plain-proof-client-node-dgram.log
PASS: client-xhr-constructor http-client EXIT 1; /tmp/start-plain-proof-client-xhr-constructor.log
PASS: client-xhr-global http-client EXIT 1; /tmp/start-plain-proof-client-xhr-global.log
PASS: client-xhr-bracket http-client EXIT 1; /tmp/start-plain-proof-client-xhr-bracket.log
PASS: client-beacon-call http-client EXIT 1; /tmp/start-plain-proof-client-beacon-call.log
PASS: client-beacon-value http-client EXIT 1; /tmp/start-plain-proof-client-beacon-value.log
PASS: client-beacon-bracket http-client EXIT 1; /tmp/start-plain-proof-client-beacon-bracket.log
PASS: client-websocket-allowed allowed EXIT 0; /tmp/start-plain-proof-client-websocket-allowed.log
PASS: client-eventsource-allowed allowed EXIT 0; /tmp/start-plain-proof-client-eventsource-allowed.log
PASS: client-import-type allowed EXIT 0; /tmp/start-plain-proof-client-import-type.log
PASS: client-named-import-type allowed EXIT 0; /tmp/start-plain-proof-client-named-import-type.log
PASS: client-mixed-import http-client EXIT 1; /tmp/start-plain-proof-client-mixed-import.log
PASS: client-default-and-type http-client EXIT 1; /tmp/start-plain-proof-client-default-and-type.log
PASS: client-empty-import http-client EXIT 1; /tmp/start-plain-proof-client-empty-import.log
PASS: client-node-http2 http-client EXIT 1; /tmp/start-plain-proof-client-node-http2.log
PASS: client-http2 http-client EXIT 1; /tmp/start-plain-proof-client-http2.log
PASS: client-ws http-client EXIT 1; /tmp/start-plain-proof-client-ws.log
PASS: client-ofetch http-client EXIT 1; /tmp/start-plain-proof-client-ofetch.log
PASS: client-node-http http-client EXIT 1; /tmp/start-plain-proof-client-node-http.log
PASS: client-node-https http-client EXIT 1; /tmp/start-plain-proof-client-node-https.log
PASS: client-http http-client EXIT 1; /tmp/start-plain-proof-client-http.log
PASS: client-https http-client EXIT 1; /tmp/start-plain-proof-client-https.log
PASS: client-undici http-client EXIT 1; /tmp/start-plain-proof-client-undici.log
PASS: client-axios http-client EXIT 1; /tmp/start-plain-proof-client-axios.log
PASS: client-ky http-client EXIT 1; /tmp/start-plain-proof-client-ky.log
PASS: client-node-fetch http-client EXIT 1; /tmp/start-plain-proof-client-node-fetch.log
PASS: client-got http-client EXIT 1; /tmp/start-plain-proof-client-got.log
PASS: client-superagent http-client EXIT 1; /tmp/start-plain-proof-client-superagent.log
PASS: client-node-net http-client EXIT 1; /tmp/start-plain-proof-client-node-net.log
PASS: client-node-tls http-client EXIT 1; /tmp/start-plain-proof-client-node-tls.log
PASS: client-reexport http-client EXIT 1; /tmp/start-plain-proof-client-reexport.log
PASS: client-dynamic http-client EXIT 1; /tmp/start-plain-proof-client-dynamic.log
PASS: client-require http-client EXIT 1; /tmp/start-plain-proof-client-require.log
PASS: client-import-equals http-client EXIT 1; /tmp/start-plain-proof-client-import-equals.log
PASS: client-subpath http-client EXIT 1; /tmp/start-plain-proof-client-subpath.log
PASS: http-backend-dependency http-backend EXIT 1; /tmp/start-plain-proof-http-backend-dependency.log
PASS: http-resource-dependency http-resource EXIT 1; /tmp/start-plain-proof-http-resource-dependency.log
PASS: http-resource-export http-resource EXIT 1; /tmp/start-plain-proof-http-resource-export.log
PASS: fetch-tag-value http-request EXIT 1; /tmp/start-plain-proof-fetch-tag-value.log
PASS: fetch-alias http-request EXIT 1; /tmp/start-plain-proof-fetch-alias.log
PASS: window-fetch http-request EXIT 1; /tmp/start-plain-proof-window-fetch.log
PASS: self-fetch http-request EXIT 1; /tmp/start-plain-proof-self-fetch.log
PASS: destructured-fetch http-request EXIT 1; /tmp/start-plain-proof-destructured-fetch.log
PASS: operation-fetch http-request EXIT 1; /tmp/start-plain-proof-operation-fetch.log
PASS: resource-fetch http-request EXIT 1; /tmp/start-plain-proof-resource-fetch.log
PASS: callback-fetch http-request EXIT 1; /tmp/start-plain-proof-callback-fetch.log
PASS: parenthesized-fetch http-request EXIT 1; /tmp/start-plain-proof-parenthesized-fetch.log
PASS: global-fetch-reference http-request EXIT 1; /tmp/start-plain-proof-global-fetch-reference.log
PASS: global-fetch-call http-request EXIT 1; /tmp/start-plain-proof-global-fetch-call.log
PASS: global-fetch-element http-request EXIT 1; /tmp/start-plain-proof-global-fetch-element.log
PASS: entry-hidden-fetch plain-param EXIT 1; /tmp/start-plain-proof-entry-hidden-fetch.log
PASS: wrapped-factory unnamed-plain EXIT 1; /tmp/start-plain-proof-wrapped-factory.log
PASS: entry-service service-owner EXIT 1; /tmp/start-plain-proof-entry-service.log
PASS: entry-hidden-controller service-owner EXIT 1; /tmp/start-plain-proof-entry-hidden-controller.log
PASS: unit-param plain-param EXIT 1; /tmp/start-plain-proof-unit-param.log
PASS: class no-class EXIT 1; /tmp/start-plain-proof-class.log
PASS: clock plain-param EXIT 1; /tmp/start-plain-proof-clock.log
PASS: signal plain-param EXIT 1; /tmp/start-plain-proof-signal.log
PASS: handle plain-param EXIT 1; /tmp/start-plain-proof-handle.log
PASS: ctx plain-param EXIT 1; /tmp/start-plain-proof-ctx.log
PASS: io plain-param EXIT 1; /tmp/start-plain-proof-io.log
PASS: four-params three-params EXIT 1; /tmp/start-plain-proof-four-params.log
PASS: one-site two-sites EXIT 1; /tmp/start-plain-proof-one-site.log
PASS: no-doc param-doc EXIT 1; /tmp/start-plain-proof-no-doc.log
PASS: scope-factory scope-entry-only EXIT 1; /tmp/start-plain-proof-scope-factory.log
PASS: module-handle module-handle EXIT 1; /tmp/start-plain-proof-module-handle.log
PASS: scope-getter exported-scope EXIT 1; /tmp/start-plain-proof-scope-getter.log
PASS: service-module module-effect EXIT 1; /tmp/start-plain-proof-service-module.log
PASS: service-plain service-owner EXIT 1; /tmp/start-plain-proof-service-plain.log
PASS: scope-arrow exported-scope EXIT 1; /tmp/start-plain-proof-scope-arrow.log
PASS: module-clock module-handle EXIT 1; /tmp/start-plain-proof-module-clock.log
PASS: module-nested-root module-handle EXIT 1; /tmp/start-plain-proof-module-nested-root.log
PASS: scope-reexport exported-scope EXIT 1; /tmp/start-plain-proof-scope-reexport.log
PASS: plain-callback plain-param EXIT 1; /tmp/start-plain-proof-plain-callback.log
PASS: clock-bag plain-param EXIT 1; /tmp/start-plain-proof-clock-bag.log
PASS: scope-local-alias scope-entry-only EXIT 1; /tmp/start-plain-proof-scope-local-alias.log
PASS: scope-namespace scope-entry-only EXIT 1; /tmp/start-plain-proof-scope-namespace.log
PASS: plain-await plain-effect EXIT 1; /tmp/start-plain-proof-plain-await.log
PASS: zero-site two-sites EXIT 1; /tmp/start-plain-proof-zero-site.log
PASS: class-expression no-class EXIT 1; /tmp/start-plain-proof-class-expression.log
PASS: object-arrow plain-param EXIT 1; /tmp/start-plain-proof-object-arrow.log
PASS: object-method plain-param EXIT 1; /tmp/start-plain-proof-object-method.log
PASS: freeze-arrow unnamed-plain EXIT 1; /tmp/start-plain-proof-freeze-arrow.log
PASS: hidden-method plain-param EXIT 1; /tmp/start-plain-proof-hidden-method.log
PASS: or-arrow unnamed-plain EXIT 1; /tmp/start-plain-proof-or-arrow.log
PASS: nullish-arrow unnamed-plain EXIT 1; /tmp/start-plain-proof-nullish-arrow.log
PASS: src-callback unnamed-plain EXIT 1; /tmp/start-plain-proof-src-callback.log
PASS: one-caller-two-calls two-sites EXIT 1; /tmp/start-plain-proof-one-caller-two-calls.log
PASS: self-call two-sites EXIT 1; /tmp/start-plain-proof-self-call.log
PASS: non-call-use two-sites EXIT 1; /tmp/start-plain-proof-non-call-use.log
PASS: scope-element scope-entry-only EXIT 1; /tmp/start-plain-proof-scope-element.log
PASS: scope-parentheses scope-entry-only EXIT 1; /tmp/start-plain-proof-scope-parentheses.log
PASS: scope-comma scope-entry-only EXIT 1; /tmp/start-plain-proof-scope-comma.log
PASS: scope-call scope-entry-only EXIT 1; /tmp/start-plain-proof-scope-call.log
PASS: scope-array scope-entry-only EXIT 1; /tmp/start-plain-proof-scope-array.log
PASS: scope-cast scope-entry-only EXIT 1; /tmp/start-plain-proof-scope-cast.log
PASS: scope-reflect scope-entry-only EXIT 1; /tmp/start-plain-proof-scope-reflect.log
PASS: scope-entry-module scope-entry-only EXIT 1; /tmp/start-plain-proof-scope-entry-module.log
PASS: holder-const module-handle EXIT 1; /tmp/start-plain-proof-holder-const.log
PASS: holder-stop module-handle EXIT 1; /tmp/start-plain-proof-holder-stop.log
PASS: holder-pool module-handle EXIT 1; /tmp/start-plain-proof-holder-pool.log
PASS: scope-accessor exported-scope EXIT 1; /tmp/start-plain-proof-scope-accessor.log
PASS: scope-property exported-scope EXIT 1; /tmp/start-plain-proof-scope-property.log
PASS: plain-any plain-param EXIT 1; /tmp/start-plain-proof-plain-any.log
PASS: plain-generic plain-param EXIT 1; /tmp/start-plain-proof-plain-generic.log
PASS: plain-unknown-cast plain-cast EXIT 1; /tmp/start-plain-proof-plain-unknown-cast.log
PASS: request-options plain-param EXIT 1; /tmp/start-plain-proof-request-options.log
PASS: pick-options plain-param EXIT 1; /tmp/start-plain-proof-pick-options.log
PASS: event-options plain-param EXIT 1; /tmp/start-plain-proof-event-options.log
PASS: component-clock component-param EXIT 1; /tmp/start-plain-proof-component-clock.log
PASS: component-await component-await EXIT 1; /tmp/start-plain-proof-component-await.log
PASS: component-bag component-param EXIT 1; /tmp/start-plain-proof-component-bag.log
PASS: module-mail module-effect EXIT 1; /tmp/start-plain-proof-module-mail.log
PASS: module-auth module-effect EXIT 1; /tmp/start-plain-proof-module-auth.log
PASS: module-broadcast module-effect EXIT 1; /tmp/start-plain-proof-module-broadcast.log
PASS: module-frame module-effect EXIT 1; /tmp/start-plain-proof-module-frame.log
PASS: module-listener module-effect EXIT 1; /tmp/start-plain-proof-module-listener.log
PASS: option-timer module-effect EXIT 1; /tmp/start-plain-proof-option-timer.log
PASS: module-unknown-call module-effect EXIT 1; /tmp/start-plain-proof-module-unknown-call.log
PASS: module-zod-parse module-effect EXIT 1; /tmp/start-plain-proof-module-zod-parse.log
PASS: plain-native-effect-0 plain-effect EXIT 1; /tmp/start-plain-proof-plain-native-effect-0.log
PASS: plain-native-effect-1 plain-effect EXIT 1; /tmp/start-plain-proof-plain-native-effect-1.log
PASS: plain-native-effect-2 plain-effect EXIT 1; /tmp/start-plain-proof-plain-native-effect-2.log
PASS: plain-native-effect-3 plain-effect EXIT 1; /tmp/start-plain-proof-plain-native-effect-3.log
PASS: plain-native-effect-4 plain-effect EXIT 1; /tmp/start-plain-proof-plain-native-effect-4.log
PASS: plain-native-effect-5 plain-effect EXIT 1; /tmp/start-plain-proof-plain-native-effect-5.log
PASS: plain-native-effect-6 plain-effect EXIT 1; /tmp/start-plain-proof-plain-native-effect-6.log
PASS: plain-native-effect-7 plain-effect EXIT 1; /tmp/start-plain-proof-plain-native-effect-7.log
PASS: src-resource-callback plain-param EXIT 1; /tmp/start-plain-proof-src-resource-callback.log
PASS: plain-cap plain-max EXIT 1; /tmp/start-plain-proof-plain-cap.log
PASS: list plain-list EXIT 1; /tmp/start-plain-proof-list.log
Plain proof passed: 177 planted cases.

EXIT 0
