jev pre-flight (advisory) — clear or explain these before reporting

  - packages/core/src/index.ts: skipped: too big for one call (240135 > 100000 chars)

jev lint (advisory) — 1 file(s)

packages/core/src/index.ts
  ✓ function isThenable (L765)
  ✓ function extension (L776)
  ✓ function parse (L786)
  ✓ function admit (L796)
  ✓ function pushMany (L820)
  ✓ function readMany (L837)
  ℹ function data (L848): reads like a data (100%)
  ℹ function tag (L866): reads like a tag (85%)
  ✓ function namespace (L896)
  ✓ function nsChainOf (L910)
  ℹ function operation (L921): reads like an operation (100%)
  ✓ function seesResource (L953)
  ℹ function resource (L962): reads like a resource (100%)
  ✓ function nodeState (L1106)
  ⚠ function signalOf (L1124): stateOutsideCell 52%  ℹ reads like a resource (72%)
  ✓ function tapSessionHooks (L1228)
  ✓ function selectBucket (L1252)
  ✓ function effectiveEntry (L1276)
  ✓ function effectiveEntryNs (L1292)
  ✓ function readCell (L1307)
  ✓ function invalidateEff (L1316)
  ℹ function ownCell (L1322): reads like a data (76%)
  ✓ function flushCell (L1338)
  ✓ function flushOne (L1350)
  ✓ function notifyLayer (L1360)
  ℹ function writeCell (L1369): reads like a data (70%)
  ℹ function writeCellNs (L1386): reads like a data (62%)
  ℹ function ownNsCell (L1401): reads like a data (71%)
  ✓ function flushInheritedNsWatchers (L1415)
  ✓ function shadowsNamedChange (L1428)
  ℹ function flushNsWatchers (L1435): reads like a resource (60%)
  ✓ function pendingNsWatchers (L1446)
  ✓ function topTag (L1471)
  ✓ function tagFind (L1488)
  ✓ function tagFindNs (L1503)
  ✓ function nsTagBinding (L1518)
  ✓ function tagAll (L1530)
  ✓ function appendNsTags (L1541)
  ✓ function tagAllNs (L1556)
  ✓ function tagRequired (L1569)
  ✓ function presetFor (L1579)
  ⚠ function addWatcher (L1587): effectWithoutDefer 86%  ℹ reads like a resource (97%)
  ✓ function refreshNotified (L1601)
  ✓ function writeWithHooks (L1607)
  ℹ function dataController (L1630): reads like a data (85%)
  ⚠ function addWatcherNs (L1655): effectWithoutDefer 86%  ℹ reads like a resource (97%)
  ✓ function resolveControllerEdge (L1685)
  ✓ function resolveEdge (L1697)
  ✓ function resolveDep (L1712)
  ✓ function nanosFromMillis (L1757)
  ⚠ function makeObs (L1826): stateOutsideCell 61%
  ✓ function openSpan (L1843)
  ✓ function isolate (L1988)
  ⚠ function closeSpan (L1997): stateOutsideCell 63%
  ✓ function logStep (L2017)
  ✓ function settleSpan (L2033)
  ✓ function obsCtx (L2046)
  ✓ function logFor (L2069)
  ✓ function recordUsed (L2085)
  ✓ function runFailure (L2151)
  ⚠ function stick (L2160): stateOutsideCell 58%
  ✓ function failureOf (L2170)
  ✓ function track (L2178)
  ⚠ function addWork (L2203): stateOutsideCell 65%
  ✓ function endFor (L2256)
  ⚠ function exitTeardown (L2268): stateOutsideCell 54%  ℹ reads like a resource (70%)
  ✓ function runDefers (L2287)
  ✓ function parseInput (L2326)
  ℹ function runBody (L2336): reads like an operation (87%)
  ✓ function hasCallSession (L2416)
  ℹ function runTagged (L2429): reads like an operation (77%)
  ⚠ function endTaggedFrame (L2528): stateOutsideCell 57%
  ⚠ function runTaggedFrame (L2547): stateOutsideCell 57%  ℹ reads like an operation (77%)
  ✓ function runNsCall (L2580)
  ✓ function stripNs (L2593)
  ✓ function stripTags (L2602)
  ℹ function releaseBorrows (L2609): reads like a resource (77%)
  ✓ function finishRun (L2618)
  ✓ function endsFlight (L2641)
  ✓ function finishAsyncRun (L2645)
  ✓ function executorFor (L2669)
  ℹ function runOnce (L2687): reads like an operation (97%)
  ℹ function operationController (L2743): reads like an operation (85%)
  ✓ function runUntagged (L2777)
  ✓ function ownerOf (L2798)
  ✓ function resolveSelectedDep (L2827)
  ⚠ function buildDeps (L2840): stateOutsideCell 68%
  ⚠ function buildPlainDeps (L2869): stateOutsideCell 55%
  ✓ function readOpDeps (L2885)
  ✓ function settleDeps (L2907)
  ✓ function resolveResourceDeps (L2913)
  ✓ function resolveNamedResourceDeps (L2938)
  ✓ function buildCtx (L3014)
  ✓ function emptyCtxFor (L3053)
  ⚠ function resolveExtension (L3059): stateOutsideCell 52%
  ⚠ function instanceOf (L3070): stateOutsideCell 54%  ℹ reads like a resource (91%)
  ✓ function hasPresetLayers (L3097)
  ✓ function needsHold (L3106)
  ⚠ function holdDependency (L3112): stateOutsideCell 58%
  ⚠ function unlinkInstance (L3119): stateOutsideCell 55%  ℹ reads like a resource (79%)
  ⚠ function drainReady (L3136): stateOutsideCell 56%  ℹ reads like a resource (81%)
  ⚠ function completeInstance (L3146): stateOutsideCell 68%
  ⚠ function finishHook (L3159): stateOutsideCell 66%, handRolledLifetime 61%  ℹ reads like a resource (81%)
  ⚠ function finishInstance (L3184): stateOutsideCell 55%, handRolledLifetime 62%  ℹ reads like a resource (96%)
  ℹ function startBuildInstance (L3213): reads like a resource (79%)
  ✓ function holdSelectedDependency (L3224)
  ⚠ function settleResourceInstance (L3239): stateOutsideCell 57%  ℹ reads like a resource (67%)
  ✓ function publishSyncResource (L3250)
  ℹ function failResourceBuild (L3263): reads like a resource (93%)
  ⚠ function buildHooklessResource (L3281): stateOutsideCell 52%  ℹ reads like a resource (99%)
  ℹ function buildResource (L3327): reads like a resource (96%)
  ⚠ function buildTrackedResource (L3346): stateOutsideCell 61%  ℹ reads like a resource (100%)
  ⚠ function finishAsyncBuild (L3428): stateOutsideCell 69%  ℹ reads like a resource (70%)
  ℹ function resourceController (L3464): reads like a resource (95%)
  ✓ function selectNsResource (L3498)
  ⚠ function ownNsResource (L3518): stateOutsideCell 55%
  ✓ function hasResourceNs (L3532)
  ℹ function resourceSlot (L3544): reads like a resource (83%)
  ✓ function namedResourceSlot (L3566)
  ℹ function readResourceState (L3580): reads like a resource (73%)
  ✓ function addDependent (L3595)
  ✓ function addNsDataDependent (L3607)
  ⚠ function linkNsResourceDependent (L3620): stateOutsideCell 56%
  ⚠ function linkNsDataDependent (L3626): stateOutsideCell 67%
  ✓ function selectNsDataEntry (L3636)
  ⚠ function detachNsDependencies (L3656): stateOutsideCell 53%  ℹ reads like a resource (80%)
  ⚠ function detachNsLinked (L3664): stateOutsideCell 59%
  ✓ function detachNsResourceLinks (L3669)
  ℹ function detachResourceDependencies (L3678): reads like a resource (77%)
  ⚠ function detachDependent (L3690): stateOutsideCell 54%
  ✓ function depNode (L3699)
  ⚠ function addBorrow (L3708): stateOutsideCell 57%
  ✓ function takeBorrows (L3714)
  ✓ function seedTags (L3726)
  ✓ function readBindings (L3746)
  ✓ function seedPresets (L3762)
  ✓ function makeRootLayer (L3769)
  ✓ function nsFor (L3784)
  ⚠ function makeLayer (L3795): stateOutsideCell 54%  ℹ reads like a resource (80%)
  ⚠ function layerRecord (L3814): stateOutsideCell 57%
  ✓ function traceFor (L3857)
  ⚠ function markSwept (L3871): stateOutsideCell 50%
  ⚠ function markAborted (L3884): stateOutsideCell 72%
  ✓ function abortSubtree (L3892)
  ℹ function finishCloseInstance (L3914): reads like a resource (96%)
  ℹ function drainCloseEntry (L3924): reads like a resource (90%)
  ✓ function drainDefers (L3944)
  ⚠ function settleOutcome (L3954): stateOutsideCell 59%
  ⚠ function canFastClose (L3975): stateOutsideCell 51%
  ⚠ function fastClose (L3992): stateOutsideCell 58%  ℹ reads like a resource (90%)
  ⚠ function canEndIdle (L4024): stateOutsideCell 58%
  ✓ function ownsNothing (L4040)
  ⚠ function closeLayer (L4066): stateOutsideCell 58%  ℹ reads like a resource (90%)
  ✓ function buildResult (L4092)
  ⚠ function prepareTeardown (L4109): stateOutsideCell 59%
  ✓ function collectLayerInstances (L4120)
  ⚠ function closeInstances (L4132): stateOutsideCell 51%  ℹ reads like a resource (85%)
  ⚠ function startClose (L4152): stateOutsideCell 50%  ℹ reads like a resource (78%)
  ✓ function finishLayer (L4191)
  ✓ function settleSession (L4208)
  ⚠ function runSessionWith (L4227): stateOutsideCell 61%
  ℹ function endSession (L4274): reads like a resource (60%)
  ⚠ function endInPlace (L4288): stateOutsideCell 61%  ℹ reads like a resource (85%)
  ℹ function settleSessionWith (L4300): reads like a resource (69%)
  ✓ function settleSessionEnded (L4328)
  ✓ function runSession (L4335)
  ✓ function runBodyWith (L4350)
  ✓ function adoptBody (L4367)
  ✓ function resolveNs (L4377)
  ✓ function controllerNs (L4390)
  ⚠ function runInline (L4406): ~wrapsCallersStep 63%
  ✓ function handleFor (L4433)
  ℹ function invalidateResource (L4557): reads like a resource (90%)
  ✓ function invalidateData (L4585)
  ✓ function forEachDependent (L4606)
  ✓ function visitDependents (L4620)
  ✓ function collectAffected (L4630)
  ✓ function releaseNode (L4664)
  ✓ function releaseNamed (L4684)
  ✓ function releaseNamedData (L4692)
  ℹ function releaseNamedResource (L4707): reads like a resource (67%)
  ℹ function drainRelease (L4714): reads like a resource (63%)
  ✓ function collectNamedRelease (L4723)
  ⚠ function unlinkNamedState (L4746): stateOutsideCell 54%  ℹ reads like a resource (78%)
  ℹ function drainReleasedOwner (L4762): reads like a resource (64%)
  ℹ function drainHookless (L4777): reads like a resource (77%)
  ⚠ function drainReleased (L4789): handRolledLifetime 58%  ℹ reads like a resource (66%)
  ✓ function byDepthDesc (L4796)
  ℹ function collectReleasedInstances (L4809): reads like a resource (68%)
  ⚠ function orderReleased (L4825): stateOutsideCell 58%
  ✓ function invalidateAffected (L4834)
  ✓ function keepData (L4850)
  ✓ function freeData (L4866)
  ⚠ function freeAfterHooks (L4877): stateOutsideCell 52%
  ✓ function keepCellsOnly (L4888)
  ✓ function resolveHeld (L4906)
  ✓ function finalData (L4913)
  ✓ function ownEntry (L4927)
  ✓ function busyRecord (L4944)
  ✓ function adoptThenable (L4963)
  ✓ function walkEntry (L4977)
  ✓ function memoEntry (L4995)
  ✓ function freshEntry (L5009)
  ✓ function appendLayerTags (L5022)
  ✓ function sessionThrough (L5050)
  ✓ function failedRun (L5088)
  ✓ function settleRun (L5101)
  ⚠ function recover (L5119): stateOutsideCell 66%
  ⚠ function closingOf (L5128): stateOutsideCell 58%  ℹ reads like a resource (80%)
  ✓ function detachLayer (L5140)
  ⚠ function runStartChain (L5156): stateOutsideCell 59%
  ✓ function withSessionCreate (L5389)
  ⚠ function wrapSession (L5406): stateOutsideCell 53%  ℹ reads like a resource (88%)
  ⚠ function extendHandle (L5439): effectWithoutDefer 86%, stateOutsideCell 77%  ℹ reads like a resource (90%)
  ✓ function readExtRoutes (L5474)
  ⚠ function watchRootClose (L5495): effectWithoutDefer 50%, stateOutsideCell 65%  ℹ reads like a resource (83%)
  ⚠ function listenForStop (L5552): effectWithoutDefer 70%, stateOutsideCell 59%  ℹ reads like a resource (99%)
  ✓ function resolveThrough (L5571)
  ✓ function runTaggedBody (L5603)
  ⚠ function runSessionWrapped (L5617): stateOutsideCell 63%
  ✓ function applyPresets (L5652)
  ⚠ function reentersTeardown (L5675): stateOutsideCell 59%
  ⚠ function addError (L5685): stateOutsideCell 66%
  ℹ function drainEntries (L5692): reads like a resource (60%)
  ℹ function closeEach (L5702): reads like a resource (80%)
  ⚠ function expandFrame (L5741): stateOutsideCell 63%
  ✓ function bestEffort (L5761)
  ✓ function failedResult (L5769)
  ✓ function propagateSweptOutcome (L5779)
  ✓ function runHookCall (L5795)
  ⚠ function withHookAccess (L5835): stateOutsideCell 53%
  ⚠ function hookCanRead (L5849): stateOutsideCell 61%
  ℹ function runHookChain (L5856): reads like an operation (72%)
  ✓ function hookCtx (L5897)
  ✓ function invokeRunHooks (L5906)
  ⚠ function runHookBody (L5927): stateOutsideCell 52%  ℹ reads like an operation (93%)
  ⚠ function failHookRun (L5961): stateOutsideCell 53%
  ⚠ function finishHookRun (L5970): stateOutsideCell 51%  ℹ reads like an operation (74%)
  ⚠ function createBorrows (L5997): stateOutsideCell 74%
  ✓ function hookEvent (L6004)

jev lint: 240 unit(s), 67 ⚠ flag(s), 65 ℹ note(s). By question: {"stateOutsideCell":63,"effectWithoutDefer":5,"handRolledLifetime":3,"~wrapsCallersStep":1}
Advisory only — model ⚠ hits are fixed or explained, then labeled (a ~ hit: read it, no line owed); unitCouldBeModuleLevel (code) is deterministic and needs no label or calibration. vp check / tests / the lead decide.

jev pre-flight: 0 file flag(s) plus the lint notes above. An ℹ note is a hint: no fix or label owed. A ~ hit is a calibrated-noisy judge: read it, no line owed. Every other flag: fixed or explained, then label it (tools/jev/label.mjs). Not a gate.
