label: stateOutsideCell false ← packages/core/src/index.ts#signalOf (6c3af7873c74)
label: already in the bank (8c6edfcf3010)
label: already in the bank (1af023e478ac)
label: already in the bank (af88928483ff)
label: already in the bank (29ac2c0c752f)
label: already in the bank (9abc48e04750)
label: already in the bank (b2e271fc2f9d)
label: already in the bank (943552cadeea)
label: already in the bank (1d4dd8f4aa73)
label: already in the bank (02677bae4af9)
label: already in the bank (33daebf0016c)
label: already in the bank (26e29282ece7)
label: already in the bank (99413a6000af)
label: already in the bank (fdf1b6245483)
label: already in the bank (2e442f191e42)
label: already in the bank (b7bab3c6c4a9)
label: already in the bank (ecabcb0dbd27)
label: already in the bank (e62a4613b1da)
label: already in the bank (8b371b386faa)
label: already in the bank (d6f48d9a6e8b)
label: already in the bank (feeecf38c19b)
label: already in the bank (b0daa851fa68)
label: already in the bank (1481542700b6)
label: already in the bank (1b3d266e5c5e)
label: already in the bank (277aa5da0d1f)
label: already in the bank (0cc783a24da1)
label: already in the bank (ee89a707c37c)
label: already in the bank (f88fa769e07a)
label: already in the bank (319613f8e7aa)
label: already in the bank (cf012ed63341)
label: already in the bank (9c9f12b772ee)
label: already in the bank (6c8c24aff967)
label: already in the bank (3ab02f1512a1)
label: already in the bank (b0af73ed28b4)
label: already in the bank (0cb090cabea4)
label: already in the bank (73178fdd7e14)
label: already in the bank (0e7403a29c67)
label: already in the bank (24a940ea3b13)
label: already in the bank (9032ca2af8da)
label: already in the bank (796b51f40b77)
label: already in the bank (0b5da752024c)
label: already in the bank (58b1850da037)
label: already in the bank (7faa76cd2267)
label: already in the bank (87f5eaa30cf9)
label: stateOutsideCell false ← packages/core/src/index.ts#startClose (87eb9052cbb3)
label: already in the bank (cb500e303ba1)
label: already in the bank (5cd60e940d53)
label: already in the bank (122f5355c0ad)
label: already in the bank (1fe182402c9a)
label: already in the bank (10a5a4eac0e8)
label: already in the bank (250ab2ff4243)
label: already in the bank (b21541dc44cc)
label: already in the bank (1555ee4e0ae5)
label: already in the bank (22a9f92b59e1)
label: stateOutsideCell false ← packages/core/src/index.ts#wrapSession (b59068abe5d0)
label: already in the bank (58061e506253)
label: already in the bank (72de2996ed17)
label: effectWithoutDefer false ← packages/core/src/index.ts#watchRootClose (f7a601982cb4)
label: stateOutsideCell false ← packages/core/src/index.ts#watchRootClose (d31bbc568f0d)
label: already in the bank (8514aab56197)
label: already in the bank (4ecd6b5c7e32)
label: already in the bank (30d57589dbc0)
label: already in the bank (8d98220173a2)
label: already in the bank (80ade3a0a064)
label: already in the bank (36735d469e70)
label: already in the bank (5086bcce0c33)
label: already in the bank (a410d6a464a6)
label: already in the bank (320361f319cb)
label: already in the bank (85c3cb6e0c46)
label: already in the bank (dfd8102ed3a9)
label: already in the bank (a53c839ba02f)

EXIT 0; 71 labels checked
