id    count  label
S01       0  #private field or method
S02       0  cast through unknown
S03       0  Any-prefixed type name
S04       0  swallowed promise
S05       0  bare throw new Error / TypeError
S06       0  console in source
S07       0  enum declaration
S08       0  Reflect call
S09       0  layer word in a name
S10       5  line comment (only TSDoc allowed)
    /tmp/chs-style-base/vite.config.ts:26:    // Vitest v4 compatibility: preserve mock call history.
    /tmp/chs-style-base/vite.config.ts:27:    // Remove after tests no longer rely on calls from setup or earlier tests.
    /tmp/chs-style-base/vite.config.ts:28:    // https://viteplus.dev/guide/vitest-v5#remove-unneeded-compatibility-settings
    /tmp/chs-style-base/vite.config.ts:29:    // https://vitest.dev/guide/migration/#clearmocks-is-enabled-by-default
    /tmp/chs-style-base/index.ts:1786:    // Browsers give `randomUUID` to secure pages only; plain http still has `getRandomValues`.
S11       0  block comment that is not TSDoc
S12       0  ts-ignore / ts-expect-error
S13       0  lint disable
S14       3  tuple index read x[N]
    /tmp/chs-style-base/index.ts:1790:      b[6] = (b[6]! & 15) | 64;
    /tmp/chs-style-base/index.ts:1791:      b[8] = (b[8]! & 63) | 128;
    /tmp/chs-style-base/index.ts:2161:  return panics === undefined ? layer.failure : { cause: panics[0] };
S15       0  Object.freeze of a value (empty-literal sentinel allowed)
S16       0  preset() call in source (test-only API)
T01       0  mock or spy
T02       0  sleeping in a test
T03       0  only / skip left in
T04       0  import of a private source module
T05       0  internals asserted
T06       0  cast through unknown
T08       0  isError inside expect (guard used as assertion)
T09       0  mutation-score or coverage named in a test title
T07       0  instanceof or message assert around an error
P01       0  accessor in an object literal (class + prototype accessor)
P02       0  constructor parameter property (strip-types rejects)
P04       0  Set/Map seeded from an array literal (use add/set)
W10       0  Proxy creation (share one trap object)
W12       0  Object.defineProperty (never on a hot path)
W11       0  bind(this) (arrow field instead)
W01     315  readonly modifier
W02       4  as const
W03       0  satisfies
W04       7  non-null assertion x!
W05       0  explicit any
W06       0  let x!: definite assignment
W07     102  line longer than 100 chars
W09       0  interface declaration (type preferred)
W08       0  test count (watch: many small tests)
Style census: FAIL (S10 S14)

EXIT 1
