[32m04:04:47 (2140278) INFO ProjectReader[39m Found 1 of 49 file(s) to be mutated.
[32m04:04:48 (2140278) INFO Instrumenter[39m Instrumented 1 source file(s) with 1 mutant(s)
[32m04:04:48 (2140278) INFO ConcurrencyTokenProvider[39m Creating 7 test runner process(es).
[32m04:04:49 (2140278) INFO DryRunExecutor[39m Starting initial test run (vitest test runner with "perTest" coverage analysis). This may take a while.
[32m04:04:57 (2140278) INFO DryRunExecutor[39m Initial test run succeeded. Ran 814 tests in 7 seconds (net 1833.463529 ms, overhead 5732.536470999999 ms).

All tests
  body-tools.test.ts
    ✘ a destructured operation logger stays the same and sends every level in order (covered 0)
    ✘ a destructured resource logger stays the same and keeps the level threshold (covered 0)
    ✘ a resource keeps its observation tools and exports manual events and children (covered 0)
    ✘ a caught operation raise carries its span before the body reads observation tools (covered 0)
    ✘ a caught resource raise carries its span before the factory reads observation tools (covered 0)
  cache.bench.test.ts
    ✘ a cached resource resolve allocates no promise on the hot path (covered 0)
  call-signal-hooks.test.ts
    ✘ a call signal stops a run hook before it can start the body (covered 0)
    ✘ a call signal stops a session hook before it can start the body (covered 0)
    ✘ a signalled run keeps hook access alive through graceful close (covered 0)
    ✘ a write hook shares the call signal with its active body (covered 0)
  call-signal.test.ts
    ✘ an already aborted call starts no body and leaves its caller alive (covered 0)
    ✘ a call signal stops a nested wait before the retry clock advances (covered 0)
    ✘ a cancelled call waits for its cleanup before it settles (covered 0)
    ✘ a distinct error after call cancellation remains a handled failure (covered 0)
    ✘ a call signal gives sync inline work its own data and session resource lifetime (covered 0)
    ✘ a signalled call keeps input parsing, tags, and its namespace (covered 0)
    ✘ a synchronous body sees call cancellation with the exact reason (covered 0)
    ✘ abort during tag-list setup cannot slip past call cancellation (covered 0)
    ✘ graceful owner close still permits cancellation of an active call (covered 0)
    ✘ forced owner close cancels a call even when its supplied signal stays live (covered 0)
  caught-subflow.test.ts
    ✘ scope untagged run resolves when its caller catches a managed subflow error (covered 0)
    ✘ scope tagged run resolves when its caller catches a managed subflow error (covered 0)
    ✘ session untagged run resolves when its caller catches a managed subflow error (covered 0)
    ✘ session tagged run resolves when its caller catches a managed subflow error (covered 0)
    ✘ a graceful parent close keeps success when a running tagged subflow's managed error is caught (covered 0)
    ✘ a subflow failure that escapes its caller fails the session (covered 0)
    ✘ an unreceived subflow that fails after its caller returns fails the session (covered 0)
    ✘ a dropped subflow's panic while its caller runs fails the session (covered 0)
    ✘ a dropped subflow's error while its caller runs does not fail the session (covered 0)
    ✘ an awaited catch of a managed subflow error leaves the session successful (covered 0)
    ✘ catch after finally receives the managed subflow error (covered 0)
    ✘ a then rejection handler receives the managed subflow error (covered 0)
    ✘ an awaited catch after fulfillment-only then receives the managed subflow error (covered 0)
    ✘ a managed subflow error caught in an operation defer does not fail the session (covered 0)
    ✘ a returned managed subflow error received by an outer caller does not fail the session (covered 0)
    ✘ Promise.all receives both managed subflow errors when its caller catches them (covered 0)
    ✘ a handler attached by a later timer cannot undo an unreceived failure (covered 0)
    ✘ a caught subflow closes its own span failed and its caller span ok (covered 0)
    ✘ a forced close after a caught managed subflow error cancels the session (covered 0)
    ✘ a controller subflow's managed error caught by its caller leaves the session successful (covered 0)
    ✘ an unreceived controller subflow fails its session (covered 0)
    ✘ an unreceived tagged subflow fails its parent session (covered 0)
    ✘ a catch after its caller returns does not undo an orphan failure (covered 0)
    ✘ an orphan reports the original failure once (covered 0)
    ✘ an async subflow that succeeds exports an ok span (covered 0)
    ✘ a caught managed error two subflows deep does not fail the session (covered 0)
  clock.test.ts
    ✘ a test-clock sleep with an already-aborted signal rejects with the abort reason (covered 0)
    ✘ a system-clock sleep with an already-aborted signal rejects with the abort reason (covered 0)
    ✘ the system clock's nanos advance with wall time (covered 0)
    ✘ a system-clock sleep with no signal resolves (covered 0)
    ✘ a system-clock sleep with a live signal resolves (covered 0)
    ✘ due test-clock sleeps wake earliest-first (covered 0)
    ✘ a system-clock sleep cleans its timer after an abort (covered 0)
    ✘ a test-clock sleep set into the past wakes at once (covered 0)
    ✘ a span's start and end read the scope's test clock (covered 0)
    ✘ a log line's time reads the scope's test clock (covered 0)
    ✘ an explicit observe clock wins over the scope's clock (covered 0)
  closing.test.ts
    ✘ an idle session close aborts its resource and session hook closing signals (covered 0)
    ✘ a close hook's first closing read is already aborted (covered 0)
    ~ closed settles when a session cleanup makes the first root close (covered 1)
    ✓ a root without a stop signal closes from a session cleanup (killed 1)
    ✘ a graceful root close ends a resource-owned wait before draining work (covered 0)
    ✘ a graceful session close ends a resource-owned wait before draining work (covered 0)
    ✘ graceful closing fires now while work and resource cleanup still wait (covered 0)
    ✘ a parent's closing fires in its child before a close hook waits (covered 0)
    ✘ the first closing read after a parent starts closing is already aborted (covered 0)
    ✘ closing one session leaves its parent and sibling closing signals live (covered 0)
    ✘ forced close still stops work through the work signal and rolls back (covered 0)
    ✘ a closing signal first read after close is aborted (covered 0)
    ✘ a graceful parent close ends a wait inside a running session body (covered 0)
    ✘ run, resolve, and write hooks read their owner's closing signal (covered 0)
  data.test.ts
    ✘ an empty nested list reads frozen (covered 0)
    ✘ a data controller get reads the latest write (covered 0)
    ✘ a scope with empty tag bindings reads defaults (covered 0)
    ✘ an operation depending on a non-unit fails with InvalidDependency (covered 0)
  derived-close.test.ts
    ✘ graceful close does not join a never-ending then callback (covered 0)
    ✘ graceful close reports an orphan without joining its never-ending catch callback (covered 0)
    ✘ forced close does not join a never-ending then callback (covered 0)
    ✘ forced close reports an orphan without joining its never-ending catch callback (covered 0)
    ✘ an awaited slow rejection handler receives a managed error while its gate is closed (covered 0)
    ✘ a caller awaiting finally can catch the original managed subflow error (covered 0)
    ✘ a detached callback rejection after its root closes belongs to the host (covered 0)
    ✘ a detached callback rejection after its session closes belongs to the host (covered 0)
    ✘ an async subflow returns a native promise that Promise.resolve keeps (covered 0)
  entry.test.ts
    ✘ the main entry keeps test helpers in the testing entry (covered 0)
  errors.test.ts
    ✘ isError rejects a plain error with no kind (covered 0)
    ✘ isError rejects a real error of the wrong kind (covered 0)
  ext-hooks-layers.test.ts
    ✘ a tagged run invokes its hook once with the original call (covered 0)
    ✘ a subflow run invokes its hook once (covered 0)
    ✘ a tagged run in a session invokes its hook once (covered 0)
    ✘ an inline run in a session invokes its hook with the inline config (covered 0)
    ✘ a run hook that skips next stops a subflow with its substitute (covered 0)
    ✘ a run hook that throws stops a subflow before its body (covered 0)
    ✘ an async run hook keeps a dropped subflow's rejection on the scope (covered 0)
    ✘ a namespaced write invokes its hook once (covered 0)
    ✘ two run hooks keep registration order on a subflow (covered 0)
    ✘ two hooks keep registration order on a child layer (covered 0)
  extension-context.test.ts
    ✘ graceful close joins a root run hook waiting before next (covered 0)
    ✘ graceful close joins a root run hook waiting after next (covered 0)
    ✘ forced close cancels a hook waiting before next without a late body (covered 0)
    ✘ forced close cancels a hook waiting after next without a late body (covered 0)
    ✘ a hook resolve holds its resource through release and run cleanup (covered 0)
    ✘ a hook controller holds its resource through release and run cleanup (covered 0)
    ✘ run access follows the session owner and inherited or explicit namespace chain (covered 0)
    ✘ tagged events use the actual child and fire each hook once (covered 0)
    ✘ write and resolve events bind access and cleanup to their owner (covered 0)
    ✘ start and close events share only their own root resource (covered 0)
    ✘ hook-started actions share the active trace and run cleanup (covered 0)
    ✘ a dropped hook-started action keeps its failure on the owner (covered 0)
    ✘ a hook can settle a child failure without failing its owner (covered 0)
    ✘ an event union narrows its payload by kind (covered 0)
    ✘ saved controllers stay usable through a waiting hook and its graceful cleanup (covered 0)
    ✘ a saved operation settle returns cancellation when its waiting hook is forced closed (covered 0)
    ✘ a saved operation settle returns failed Disposed after its hook ends (covered 0)
    ✘ concurrent and repeated closes join the same root hook once (covered 0)
    ✘ a hook that returns a substitute still joins its started body (covered 0)
    ✘ resource contexts expose the namespace chain used by their dependencies (covered 0)
    ✘ a hook can refuse raw input before its parser runs (covered 0)
    ✘ catching a body's panic in its hook does not erase the owned failure (covered 0)
    ✘ an unreturned body keeps its span open and records its failure (covered 0)
    ✘ a saved event raise keeps one run in the failure path after next (covered 0)
  extensions.test.ts
    ✘ a write chain skips an extension with no write hook (covered 0)
    ✘ a write chain that skips still refuses when the writer denies (covered 0)
    ✘ three write hooks nest in registration order (covered 0)
    ✘ three resolve hooks nest in registration order (covered 0)
    ✘ a scope with no resolve hooks reads straight through (covered 0)
    ✘ a session chain is installed only when a hook exists (covered 0)
    ✘ three run hooks nest in registration order (covered 0)
    ✘ two close hooks nest in registration order (covered 0)
    ✘ a scope with no close hooks closes straight through (covered 0)
    ✘ a forced close with a close hook still settles cancelled (covered 0)
    ✘ a close chain runs past an extension with no close hook (covered 0)
    ✘ a resolve chain runs past an extension with no resolve hook (covered 0)
  index.test.ts
    ✘ reads a cell's initial value through the scope seam (covered 0)
    ✘ parse transforms the initial before the first read (covered 0)
    ✘ set and update are reflected on the next read (covered 0)
    ✘ watch fires once per real change, never on an eq-equal write; unsubscribe stops it (covered 0)
    ✘ a watcher reads the previous value beside the next (covered 0)
    ✘ an invalid write throws DataValidationFailed with a typed payload (covered 0)
    ✘ a zod schema is a parser as-is: the cell's type is inferred and a bad write carries the issues (covered 0)
    ✘ an operation's input takes a zod schema and delivers the schema's output (covered 0)
    ✘ an async schema is refused at the edge with SchemaAsync naming the vendor (covered 0)
    ✘ an operation parses rawInput into typed input and returns synchronously (covered 0)
    ✘ read-mode dep delivers the current value; write-mode dep causes an effect (covered 0)
    ✘ an operation runs on every run (never memoized) (covered 0)
    ✘ an operation composes a child operation through its controller (covered 0)
    ✘ a bare operation dependency is delivered as a subflow the caller invokes (covered 0)
    ✘ a resource depends on another resource and receives its instance (pool → tx) (covered 0)
    ✘ a resource dep is built before the body runs, whether or not the body reads it (covered 0)
    ✘ an async resource dep is delivered as its value: the body reads it without awaiting (covered 0)
    ✘ a run over a still-building async dep waits for the build, then runs with the value (covered 0)
    ✘ a failed async build fails the call before the body runs and stays failed until release (covered 0)
    ✘ resolve of an async resource keeps returning the same settled promise (covered 0)
    ✘ async is typed through the graph: an op over an async resource is an async op (covered 0)
    ✘ a resource dep the factory reads twice builds once and caches (lazy access parity) (covered 0)
    ✘ a write through an object inheriting from deps lands on the child, not on deps (covered 0)
    ✘ a required tag reads its binding, or its default when unbound (covered 0)
    ✘ a required tag with no binding and no default throws MissingTag (covered 0)
    ✘ optional reads a bound tag as present (covered 0)
    ✘ optional reads a missing tag as absent (covered 0)
    ✘ all returns every binding nearest-first, with no default fallback (covered 0)
    ✘ a tag binding is validated by parse (covered 0)
    ✘ an async operation runs to its awaited value (covered 0)
    ✘ a rejecting async operation rejects with its cause, and settled still drains (covered 0)
    ✘ dependency snapshots are captured at resolve time, before suspension (covered 0)
    ✘ concurrent calls each keep their own input (covered 0)
    ✘ concurrent calls finish in release order, not entry order (covered 0)
    ✘ two scopes read back their own writes (covered 0)
    ✘ a read in flight still sees the snapshot from before a later write (covered 0)
    ✘ settled reports work as pending until it finishes (covered 0)
    ✘ a session inherits its parent's data and tags (covered 0)
    ✘ a session write shadows locally (copy-on-write); the parent is unchanged (covered 0)
    ✘ inherited watchers react to parent writes until the child shadows (covered 0)
    ✘ a watcher subscribed after a write still fires when the value returns to the initial (covered 0)
    ✘ a watcher joining after the value returned still fires on the next change (covered 0)
    ✘ the same listener subscribed twice fires twice, and one unsubscribe leaves the other (covered 0)
    ✘ a watcher registered before a child shadows still sees the parent's later write (covered 0)
    ✘ nested tags: nearest layer wins, and .all collects nearest-first across layers (covered 0)
    ✘ a nearer shadow invalidates a descendant's cached effective cell (covered 0)
    ✘ a closed scope's held controller still reads the initial value (covered 0)
    ✘ close runs children first, then userland onClose hooks in LIFO order (covered 0)
    ✘ close joins in-flight operation work before completing (covered 0)
    ✘ a closed scope is sealed: late access and late writes fail with Disposed (covered 0)
    ✘ a throwing onClose hook does not stop the others, and its cause surfaces (covered 0)
    ✘ close is idempotent: hooks run once (covered 0)
    ✘ a hook that re-enters close does not run teardown twice (covered 0)
    ✘ close joins operation work started before the operation's first await (covered 0)
    ✘ a scope resource builds once: two resolves share one instance (covered 0)
    ✘ a resource factory sees its owner-bound deps (covered 0)
    ✘ resource cleanup runs on close (covered 0)
    ✘ get() before resolve fails with NotResolved (covered 0)
    ✘ get() through a closed session fails with Disposed, not a stale value (covered 0)
    ✘ resolve() through a controller whose owner has closed fails with Disposed (covered 0)
    ✘ a resource factory that resolves itself fails with CircularResource (covered 0)
    ✘ concurrent resolves of an async resource share one in-flight build (covered 0)
    ✘ a resolved async resource caches: a later resolve returns the same instance (covered 0)
    ✘ close awaits an in-flight async build before tearing down (covered 0)
    ✘ an async build that completes during close does not publish and close stays clean (covered 0)
    ✘ cleanup registered by an in-flight factory during close still runs (covered 0)
    ✘ an async resource whose factory returns an augmented thenable resolves to the awaited value (covered 0)
    ✘ a scope-target resource is one instance shared across sessions (covered 0)
    ✘ a session-target resource builds once per session, distinct across sessions (covered 0)
    ✘ a scope resource requiring a session-only tag fails with MissingTag (covered 0)
    ✘ a session resource reads its owner-bound session data and tags (covered 0)
    ✘ session(fn) success commits via onOutcome; a thrown error rolls back and propagates (covered 0)
    ✘ a throwing onOutcome is aggregated, keeps the outcome, and does not stop other hooks (covered 0)
    ✘ session(fn) closes the child automatically after fn returns (covered 0)
    ✘ owned async work that fails settles the session outcome as failed and surfaces its cause (covered 0)
    ✘ closing the parent while a session runs joins the body and rolls back on its failure (covered 0)
    ✘ an ancestor failure force-closes its subtree: a nested child's resource rolls back (covered 0)
    ✘ a factory context is dead after a synchronous throw: a late onOutcome fails (covered 0)
    ✘ settled() inside session(fn) drains owned work without waiting on the body itself (covered 0)
    ✘ a leaf failure bubbles out through nested sessions to the caller and rolls back the leaf (covered 0)
    ✘ a teardown hook that returns its own close() does not hang (covered 0)
    ✘ closing a parent whose owned work awaits a child's onClose does not deadlock (covered 0)
    ✘ a concurrent close during an async hook awaits the real teardown and its error (covered 0)
    ✘ closing again after a close with teardown errors re-reports them (covered 0)
    ✘ when owned work and the body both fail, the body cause is primary for hook and caller (covered 0)
    ✘ releasing a resource runs its cleanup and a re-resolve rebuilds a new instance (covered 0)
    ✘ a build in flight when its resource is released never publishes (covered 0)
    ✘ releasing a data cell resets it to its initial value and notifies watchers (covered 0)
    ✘ an old build settling after release does not drop the replacement build (covered 0)
    ✘ an old build rejecting after release does not fail a session that got the replacement (covered 0)
    ✘ a rejected build is sticky: a re-resolve without release returns the same rejection, one build (covered 0)
    ✘ releasing a rejected resource lets a re-resolve rebuild a fresh instance (covered 0)
    ✘ releasing a dependency cascades to a dependent whose build had rejected, so it rebuilds (covered 0)
    ✘ two sessions share one scope-target resource's sticky rejection (one build) (covered 0)
    ✘ release drops only the resource's cleanup, not a shared onClose callback (covered 0)
    ✘ a release triggered during a factory prevents that build from publishing (covered 0)
    ✘ releasing a resource whose owner is already closing fails with Disposed (covered 0)
    ✘ a nested release inside a release cleanup does not hang close (covered 0)
    ✘ a release cleanup that returns its own close does not hang (covered 0)
    ✘ a session-owned build that rejects during auto-close fails the session (covered 0)
    ✘ a release cleanup that rejects surfaces as secondary (covered 0)
    ✘ releasing a resource cascades to its dependent exactly once; upstream untouched (covered 0)
    ✘ a diamond release cascades to the shared dependent exactly once (covered 0)
    ✘ a release cascade rebuilds the dependent resource without re-running the operation (covered 0)
    ✘ a throwing cleanup mid-cascade still drops every dependent's cache (covered 0)
    ✘ releasing the head of a deep chain does not overflow the stack (covered 0)
    ✘ a throwing watcher during release still runs the cleanups (covered 0)
    ✘ an old build's late rejection does not detach the replacement's edges (covered 0)
    ✘ releasing a scope resource cascades to its dependent instances in each session (covered 0)
    ✘ a sibling session that did not depend on the released scope resource is unaffected (covered 0)
    ✘ a closed session's dependency edges are pruned so a later release skips it (covered 0)
    ✘ releasing a scope resource skips a closing session and still releases the others (covered 0)
    ✘ a session cleanup that closes the root does not deadlock (covered 0)
    ✘ releasing a parent session's resource does not touch a child session's own instance (covered 0)
    ✘ closing an unrelated scope from a cleanup awaits its real teardown and surfaces its error (covered 0)
    ✘ resolving an operation with a subflow yields a parent-linked span tree (covered 0)
    ✘ two interleaved async operations link each leaf span to its own parent (covered 0)
    ✘ observation off gives ctx.obs.span undefined and no retained spans (covered 0)
    ✘ a throwing exporter does not fail the operation (covered 0)
    ✘ history is bounded and toggles independently of export and logging (covered 0)
    ✘ observation on keeps the operation's returned value identity (behavior-neutral) (covered 0)
    ✘ an async exporter that rejects is isolated (no unhandled rejection, op unaffected) (covered 0)
    ✘ a throwing logger does not fail the operation (covered 0)
    ✘ a bare log call is info; the four methods carry their level to the sink (covered 0)
    ✘ the config level drops every line below the threshold (covered 0)
    ✘ a span for an operation whose setup throws is still closed and exported as failed (covered 0)
    ✘ a manual child span does not consume a non-promise thenable's then (covered 0)
    ✘ a sink returning a thenable whose then getter throws is isolated (covered 0)
    ✘ a shared resource used by two operations links a used edge to each caller span (covered 0)
    ✘ resource value identity is unchanged with observation on (no wrapping) (covered 0)
    ✘ an async resource build opens and closes a balanced span (covered 0)
    ✘ a data preset is seen by a downstream operation, validated by parse (covered 0)
    ✘ a data preset value runs through parse and can be rejected (covered 0)
    ✘ an operation preset replaces the run for a downstream subflow (covered 0)
    ✘ an operation preset replaces the run for a direct run too (covered 0)
    ✘ a preset is scoped to its scope, not the node globally (covered 0)
    ✘ a void-input operation is always delivered as a callable subflow, never a value (covered 0)
    ✘ a subflow call with input skips parse; rawInput runs parse (covered 0)
    ✘ a tagged scope.run binds the whole flow: the run, a subflow, and a nested subflow read the call's tags (covered 0)
    ✘ an undefined input is treated as absent, so rawInput is parsed (no NaN leak) (covered 0)
    ✘ a never-parse operation still takes its input at the seam (covered 0)
    ✘ a resource preset replaces the built instance for downstream consumers (covered 0)
    ✘ a resource preset is built once per owner and cached (covered 0)
    ✘ a resource preset's cleanup runs when the owner closes; the real factory never runs (covered 0)
    ✘ an async resource preset resolves to its awaited value (covered 0)
    ✘ a resource preset receives the resolved deps, delivered untyped (narrow at use) (covered 0)
    ✘ a unit takes no meta: the option is a type error and the handle has no field (covered 0)
    ✘ scope and session tags take the same authored shape: a binding, nothing, or a nested list (covered 0)
    ✘ a call's tags take the authored shape: a single binding opens the session, a nested nothing does not (covered 0)
    ✘ presets and extensions take the same authored shape: nested lists and false are read flat (covered 0)
    ✘ close runs defers in reverse registration order (LIFO) (covered 0)
    ✘ a later onClose runs before an earlier resource defer (layer-wide LIFO) (covered 0)
    ✘ a dependent's defer runs before its dependency's (registration order) (covered 0)
    ✘ an operation defer sees success on a clean run (covered 0)
    ✘ an operation defer sees failed when the run throws (covered 0)
    ✘ an operation context carries no borrow or drain handle (covered 0)
    ✘ a resource cleanup rolls back on a forced close, commits on a graceful close (covered 0)
    ✘ close aborts ctx.signal so a parked op stops cleanly (covered 0)
    ✘ a streaming operation writes a data cell over time; a watcher sees it grow (covered 0)
    ✘ a real late owned failure during close still surfaces (cancel-clean is only the abort reason) (covered 0)
    ✘ a cancelled session rejects rather than resolving undefined (covered 0)
    ✘ a throwing defer is aggregated as TeardownFailed and does not stop other defers (covered 0)
    ✘ closing a scope with thousands of defers settles cancelled with no teardown errors (covered 0)
    ✘ an interrupted session resource sees cancelled, not success (covered 0)
    ✘ closing a deeply nested scope tree does not overflow (covered 0)
    ✘ an owned rejection with an undefined cause keeps that cause (covered 0)
    ✘ teardown errors are aggregated in execution order (covered 0)
    ✘ close aborts children created by a still-running nested body (covered 0)
    ✘ a settled body result survives a later interrupt (covered 0)
    ✘ a session that completes before any cancel keeps its success (Q5) (covered 0)
    ✘ close keeps a child's real failure and cleanup error while waiting for its parent's body (covered 0)
    ✘ close keeps a grandchild's real failure while its ancestor awaits its body (covered 0)
    ✘ close keeps a session grandchild's failure while its ancestor awaits its body (Q5) (covered 0)
    ✘ close collects a child born and finished during its ancestor's body wait (covered 0)
    ✘ close collects a session child born and finished during its ancestor's body wait (covered 0)
    ✘ a parent close preserves a real owned failure in an interrupted child (covered 0)
    ✘ a collecting parent gets a child's winning body failure, not its caught owned-work error (covered 0)
    ✘ a graceful close still force-rolls-back children when the scope already failed (covered 0)
    ✘ a child still closing when its parent close is called is collected (graceful=false) (covered 0)
    ✘ a child still closing when its parent close is called is collected (graceful=true) (covered 0)
    ✘ a descendant failure known before the cascade rolls back the remaining child (covered 0)
    ✘ a failure collected from an earlier child rolls back the next child (covered 0)
    ✘ a first graceful child close after an ancestor abort still rolls its resource back (covered 0)
    ✘ a body that rejects with a surfaced failure reports it over a caught owned-work error (covered 0)
    ✘ an own body failure wins even when an ancestor reports the same cause (covered 0)
    ✘ a body that rejects with a primitive closes with that value as the failure error (covered 0)
    ✘ a later session throwing a reused error fails with it (covered 0)
    ✘ a later session's teardown records its own body failure (covered 0)
    ✘ closing a manual child does not demote its parent's own body failure (covered 0)
    ✘ a manual child's earlier close does not swallow the body's own throw of the same cause (covered 0)
    ✘ a diamond release tears down dependents before dependencies (reverse registration) (covered 0)
    ✘ release waits for an in-flight op borrowing the resource before running its cleanup (covered 0)
    ✘ a sync op borrowing a released resource does not delay its cleanup (covered 0)
    ✘ releasing a scope resource waits for a cross-owner op that borrowed it (covered 0)
    ✘ release keeps a scope dependency alive while a child op borrows its dependent (covered 0)
    ✘ release keeps a scope dependency alive until a child resource's async cleanup finishes (covered 0)
    ✘ release keeps a borrowed resource alive until async cleanup finishes (covered 0)
    ✘ release waits for a child borrower even when its resource has no defer (covered 0)
    ✘ release keeps a borrowed resource alive when the op throws first (covered 0)
    ✘ release waits for a borrower before running a defer registered by an in-flight build (covered 0)
    ✘ a superseded build's late defer leaves the rebuilt resource alive in cache (covered 0)
    ✘ a cross-owner release leaves a dependency rebuilt by child cleanup alive in cache (covered 0)
    ✘ cross-owner release tears down a descendant dependent before its ancestor dependency (covered 0)
    ✘ release during dependency resolution waits for the operation's cleanup (covered 0)
    ✘ a clean scope closes success when graceful and never throws (covered 0)
    ✘ a clean scope closes cancelled when forced (covered 0)
    ✘ a second close returns the owned Result and never throws (covered 0)
    ✘ an operation reads the scope's clock, and advancing it moves later reads (covered 0)
    ✘ a resource factory reads the scope's clock (covered 0)
    ✘ the test clock handles fractional virtual time: truncated millis, precise nanos (covered 0)
    ✘ the default scope clock reads real wall-clock time (covered 0)
    ✘ a child session reads its parent scope's clock (covered 0)
    ✘ setTime replaces the test clock's current time (covered 0)
    ✘ a resource factory that defaults its deps param still reads the injected clock (covered 0)
    ✘ a test-clock sleep resolves only once virtual time is advanced past it (covered 0)
    ✘ aborting a pending test-clock sleep rejects with the signal's reason (covered 0)
    ✘ a system-clock sleep rejects with the reason when its signal aborts (covered 0)
    ✘ a test-clock sleep of zero resolves without advancing time (covered 0)
    ✘ a forced close aborts an in-flight sleep: the run's defer sees cancelled and close settles cancelled (covered 0)
    ✘ scope.resolve reads a data cell's current value with no subscription (covered 0)
    ✘ scope.resolve builds a resource once and caches, like controller resolve (covered 0)
    ✘ scope.resolve reads a tag's nearest binding, default, and throws MissingTag when absent (covered 0)
    ✘ scope.resolve delivers all and optional through a tag edge (covered 0)
    ✘ scope.resolve delivers required through a tag edge, throwing MissingTag when absent (covered 0)
    ✘ scope.run runs an operation now with rawInput (covered 0)
    ✘ scope.run runs an operation with no call args (covered 0)
    ✘ scope.run and the operation controller share one lookup and one controller (covered 0)
    ✘ scope.run runs an inline operation with deps and ctx (covered 0)
    ✘ scope.run runs an inline operation with no call: deps resolve and ctx.input is void (covered 0)
    ✘ a labelled inline run yields its name with a nested subflow under it (covered 0)
    ✘ an unlabeled inline run yields one span named inline (covered 0)
    ✘ a forced close aborts an in-flight inline sleep: defer sees cancelled, close settles cancelled (covered 0)
    ✘ an inline run receives a preset resource through the deps it names (covered 0)
    ✘ the same inline config run twice shares nothing: two spans, two bodies (covered 0)
    ✘ a tagged run builds session resources in the flow and leaves scope resources at the root (covered 0)
    ✘ a tagged run's session closes when the run settles: success then failed (covered 0)
    ✘ a tagged inline run behaves the same: the flow sees the tags (covered 0)
    ✘ an untagged run builds a session resource at the root, with no session opened (covered 0)
    ✘ a tagged sync call that ended in place returns its value (ADR 0072) (covered 0)
    ✘ a tagged call that must wait still returns a native promise (ADR 0072) (covered 0)
    ✘ a scope with no extensions is ready at once on one shared promise (covered 0)
    ✘ ready waits for an async start (covered 0)
    ✘ a rejected start rejects ready and fails the scope (covered 0)
    ✘ start hooks nest: the first registered runs outermost (covered 0)
    ✘ a start that skips next short-circuits the inner starts (covered 0)
    ✘ resolve(ext) fails with NotResolved before ready (covered 0)
    ✘ resolve(ext) reads the start value once ready (covered 0)
    ✘ a close hook wraps the structural close (covered 0)
    ✘ ctx.defer registered in start runs at close with the settled end (covered 0)
    ✘ ctx.signal aborts on a forced close (covered 0)
    ✘ a session after ready has an already-resolved ready (covered 0)
    ✘ resolve of an extension that is not installed throws NotResolved (covered 0)
    ✘ a resolve hook wraps a cell read: before, next, after (covered 0)
    ✘ a resolve hook that skips next short-circuits with a substitute (covered 0)
    ✘ two resolve hooks nest in registration order (covered 0)
    ✘ a resolve hook also wraps tag and resource reads (covered 0)
    ✘ resolve(ext) bypasses the resolve chain (covered 0)
    ✘ a session read bypasses the resolve chain (covered 0)
    ✘ a run hook wraps a declared operation call: before, next, after (covered 0)
    ✘ a run hook that skips next refuses the call and the body never runs (covered 0)
    ✘ two run hooks nest in registration order (covered 0)
    ✘ a run hook sees an inline config too (covered 0)
    ✘ a run hook passes the call through to the operation unchanged (covered 0)
    ✘ a tagged call opens its child session under the run hook (covered 0)
    ✘ a session run from an extended scope passes through the run hook (covered 0)
    ✘ a write hook wraps controller(cell).set: before, next, after (covered 0)
    ✘ a write hook that skips next refuses the write: value and watchers unchanged (covered 0)
    ✘ two write hooks nest in registration order (covered 0)
    ✘ update(fn) runs through the chain with the computed value (covered 0)
    ✘ the wrapped cell controller is cached per cell (covered 0)
    ✘ a cached write controller still rejects controller(cell) after close (covered 0)
    ✘ resource and operation controllers from the extended handle stay plain (covered 0)
    ✘ an operation controller from the extended handle stays plain (covered 0)
    ✘ a session write from an extended scope passes through the write hook (covered 0)
    ✘ a dependency controller write passes through the layer's write hook (covered 0)
    ✘ two session hooks nest in registration order and both see success (covered 0)
    ✘ createSession plus an explicit close runs the chain: graceful success, forced cancelled (covered 0)
    ✘ session(fn) reports the close Result: success, a failed run, a forced close (covered 0)
    ✘ a tagged call runs the session chain once (covered 0)
    ✘ a session created under a session is wrapped (covered 0)
    ✘ a scope with no session hook runs session bodies and closes the child session (covered 0)
    ✘ a scope with no session hook binds a tagged call's tags (covered 0)
    ✘ an operation depending on an extension receives the start value after ready (covered 0)
    ✘ running an operation on a pending extension dependency raises NotResolved (covered 0)
    ✘ an operation depending on an extension reads the start value (covered 0)
    ✘ a session hook that skips next still lets the session run and close (covered 0)
    ✘ a throwing session hook rejects the session with its error (covered 0)
    ✘ a session felled by a forced parent close still settles next() as cancelled (covered 0)
    ✘ a session felled by a graceful parent close still settles next() as success (covered 0)
  instance-release.test.ts
    ✘ a late default dependency stays open through its dependent's async cleanup (covered 0)
    ✘ release finishes a borrowed client before its pool (covered 0)
    ✘ a watcher borrowing a replacement cannot hold the old instance (covered 0)
    ✘ a build rejected before release keeps its failed hook outcome (covered 0)
    ✘ interleaved resource hooks keep reverse registration order (covered 0)
    ✘ interleaved release hooks keep reverse registration order (covered 0)
    ✘ a circular resource does not hold itself open after rejection (covered 0)
    ✘ two dependency slots keep one hold on the same instance (covered 0)
    ✘ release awaits interleaved async hooks in reverse registration order (covered 0)
    ✘ a dependency stays open through every hook of its dependent (covered 0)
    ✘ close joins a release whose next hook is queued behind an async hook (covered 0)
    ✘ a released build keeps its end when it rejects after release (covered 0)
    ✘ release keeps its end when close joins a borrowed instance (covered 0)
    ✘ a named late client holds only its own dependency bucket (covered 0)
    ✘ a warm dependency stays open through its client's late build (covered 0)
    ✘ a warm hookless bridge holds its pool through a client's late build (covered 0)
    ✘ a child build keeps a preset root pool open through its hookless bridge (covered 0)
    ✘ closing a child waits for its late build while it holds a root pool (covered 0)
    ✘ a warmed context-aware pool without cleanup can feed a client (covered 0)
    ✘ a hookless session client frees its hold on a root resource when it closes (covered 0)
    ✘ a preset cleanup waits for a hookless dependent's late build (covered 0)
    ✘ a synchronous resource rejects defer after its factory finishes (covered 0)
    ✘ an asynchronous resource rejects defer after its factory finishes (covered 0)
    ✘ a late hookless build cannot replace the value built after release (covered 0)
    ✘ a hookless factory can retry after a synchronous failure (covered 0)
    ✘ a context-aware resource reports its build span (covered 0)
    ✘ a late build gives its waiting run a value and ends its hook once as released (covered 0)
  lifetime.test.ts
    ✘ a rejected start rejects ready only after its forced cleanup ends (covered 0)
    ✘ a rejected start runs every close hook through the current handle (covered 0)
    ✘ a start that fails during close joins the hooks already running (covered 0)
    ✘ closed reports the start error after cleanup even when a stop was requested (covered 0)
    ✘ a stop requested before ready waits for start (already aborted: false) (covered 0)
    ✘ a stop requested before ready waits for start (already aborted: true) (covered 0)
    ✘ a stop lets in-flight work finish without aborting its ctx signal (covered 0)
    ✘ a stop after a manual close does not run close hooks again (covered 0)
    ✘ a stop joins an object run hook through its cleanup (covered 0)
    ✘ a forced close joins the graceful close requested by the stop signal (covered 0)
    ✘ closed stays pending while the root is open (covered 0)
    ✘ closed and repeated closes share the first close's Result (withData: false) (covered 0)
    ✘ closed and repeated closes share the first close's Result (withData: true) (covered 0)
    ✘ closed waits for close hooks' after-work and keeps core's Result (covered 0)
    ✘ closed counts a close hook throw after next as a teardown error (covered 0)
    ✘ closed keeps close-hook and resource cleanup errors together (covered 0)
    ✘ closed includes cleanup when a close hook skips next (throws: false) (covered 0)
    ✘ closed includes cleanup when a close hook skips next (throws: true) (covered 0)
    ✘ the root drops its stop listener before any close hook runs (covered 0)
    ✘ a signal close runs every close hook gracefully through the current handle (covered 0)
    ✘ only a root given a signal has closed and sessions take no signal (covered 0)
  named-child-watch.test.ts
    ✘ a child named watcher sees a parent's named write (covered 0)
    ✘ a grandchild named watcher sees a root named write (covered 0)
    ✘ a child's own named entry shields its watcher from a parent's write (covered 0)
    ✘ a child's named entry skips comparisons in its subtree on a parent write (covered 0)
    ✘ a child's fallback chain sees its parent's write until the child shadows it (covered 0)
    ✘ releasing a parent's named entry notifies a child watcher of its fallback (covered 0)
  named-release.test.ts
    ✘ a tagged subflow in a named run uses session hooks (covered 0)
    ✘ a failed async named build stays on its bucket until releaseNs (covered 0)
    ✘ a named run borrows the bucket selected after earlier dependencies resolve (covered 0)
    ✘ a named run borrows a replacement built after an earlier dependency releases it (covered 0)
    ✘ a named run keeps a late dependency cleanup alive through its dependent (covered 0)
    ✘ a named run keeps dependencies borrowed after its dependent is released (covered 0)
    ✘ a named run keeps a scope pool alive through its session client (covered 0)
    ✘ releaseNs cleans one resource bucket and close drains the buckets left behind (covered 0)
    ✘ release without ns drops every named resource bucket (covered 0)
    ✘ releaseNs waits for its own live borrow but not a sibling namespace (covered 0)
    ✘ releaseNs keeps a dependency alive until its named dependent borrow ends (covered 0)
    ✘ release passed point-free to forEach releases each cell (covered 0)
    ✘ release(cell) resets every named entry at its layer (covered 0)
    ✘ release(cell) notifies a named watcher after resetting its entry (covered 0)
    ✘ release(cell) calls only the child watcher that inherits its named entry (covered 0)
    ✘ release(cell) unlinks clients of its named entry, not a child's entry (covered 0)
    ✘ releaseNs still unlinks a new named client after release(cell) (covered 0)
    ✘ releaseNs resets one data bucket and leaves its sibling and default (covered 0)
    ✘ releaseNs on named data invalidates only resources that read that bucket (covered 0)
    ✘ releaseNs on parent data invalidates a child resource that read its bucket (covered 0)
    ✘ releaseNs on parent data cleans child resources before parent resources (covered 0)
    ✘ releaseNs leaves a namespace-blind scope resource built (covered 0)
    ✘ releaseNs waits for an async cleanup without a live borrow (covered 0)
    ✘ release waits for a live borrow from a named bucket (covered 0)
    ✘ a late named resource build cleans up and never fills its released bucket (covered 0)
    ✘ release supersedes a named build before its late cleanup registers (covered 0)
    ✘ a rebuilt chain dependent leaves its old fallback bucket (covered 0)
    ✘ a throwing named data watcher still runs the extracted release cleanup (N2) (covered 0)
    ✘ a failed named build's cleanup is still run by releaseNs (N3) (covered 0)
    ✘ a failed named build does not fill a sibling chain's fallback (N3) (covered 0)
    ✘ releasing a far named data bucket does not invalidate a client reading a nearer default (N6) (covered 0)
    ✘ releaseNs ignores data and resource buckets that were never built or already released (covered 0)
    ✘ releaseNs from a closed session cannot unlink the root's named pool (covered 0)
    ✘ releaseNs cannot unlink a root pool after its owner begins closing (covered 0)
    ✘ releaseNs unlinks a namespace-target resource at the root from a child (covered 0)
    ✘ a rebuilt named data dependent leaves its old fallback entry (covered 0)
    ✘ releaseNs rebuilds a hookless named client without touching its sibling (covered 0)
    ✘ a fallback client survives release of a different pool bucket, with or without hooks (covered 0)
    ✘ a fallback client rebuilds when its selected pool bucket is released, with or without hooks (covered 0)
    ✘ a rebuilt client drops the named resource link from its failed build (covered 0)
    ✘ releaseNs on a named pool drops a dependent's sticky async failure (covered 0)
    ✘ releaseNs finishes a named diamond once, dependent before its pool (covered 0)
    ✘ releaseNs does not run a closing child's cleanup twice (covered 0)
    ✘ closed sessions leave a root named pool usable for later clients (covered 0)
    ✘ closed sessions leave a root named data entry usable for later clients (covered 0)
    ✘ releaseNs on a root pool unlinks child clients built on that namespace (covered 0)
    ✘ releaseNs notifies only chains containing the released key (covered 0)
    ✘ releaseNs notifies a chain watcher of its fallback value (covered 0)
    ✘ a watcher starting another namespace cannot hold the released instance (N4) (covered 0)
    ✘ a late named dependency finishes after its dependent (N5) (covered 0)
  namespaces.test.ts
    ✘ two namespaces split one cell; the default is untouched (covered 0)
    ✘ a tag chain [a, muse] finds the binding bound in muse (covered 0)
    ✘ ambient createSession({ ns }) resolves in that ns; a per-call ns wins for one run (covered 0)
    ✘ a child's own default write shadows a parent's namespaced write (layers-first) (covered 0)
    ✘ tags and cells both use layers-first chain order (covered 0)
    ✘ a child session inherits the parent's ambient ns; its own ns replaces it (covered 0)
    ✘ a named write lands at (layer, first key) and never notifies a default watcher (covered 0)
    ✘ a subflow .run({ input, ns }) writes its own bucket; without ns it inherits the run's (covered 0)
    ✘ a tagged subflow inherits its named caller's namespace (covered 0)
    ✘ named calls keep the real layer lifecycle and extension registry (covered 0)
    ✘ a tagged subflow in a named run uses session hooks (covered 0)
    ✘ pass-through extensions preserve namespaces for writes and resolves (covered 0)
    ✘ a session-target resource builds once in each namespace and reuses its warm bucket (covered 0)
    ✘ a resource chain reuses its fallback then switches to a nearer warm bucket (covered 0)
    ✘ a sync-failed named bucket is not filled by a sibling chain (covered 0)
    ✘ a named resource dependency reads a nearer default before a farther named entry (covered 0)
    ✘ namespace clients share one scope-target pool (covered 0)
    ✘ namespace resources share a root bucket across request sessions (covered 0)
    ✘ sessions without a namespace share one root default resource (covered 0)
    ✘ namespace resource dependencies see tenant and root tags but not request tags (covered 0)
    ✘ request transactions share their tenant database but not each other (covered 0)
    ✘ release waits for a request borrowing a namespace resource and clears all buckets (covered 0)
    ✘ closing the root waits for a request and cleans each namespace bucket once (covered 0)
    ✘ close waits for a named resource borrow and tears every bucket down once (covered 0)
    ✘ a scope-target resource is namespace-blind and keeps default storage clean (covered 0)
    ✘ an ambient namespace cannot enter a scope-target resource build (covered 0)
    ✘ namespace-blind scope builds keep tagged operation dependencies blind (covered 0)
    ✘ invalid input rejects before dependencies build (covered 0)
    ✘ a re-registered named watcher refreshes its comparison value (covered 0)
    ✘ a namespace-blind watcher observes default storage, never ambient tenant storage (covered 0)
    ✘ watchers with one head and different chains compare independently: head-first (covered 0)
    ✘ watchers with one head and different chains compare independently: chain-first (covered 0)
    ✘ a named write compares only its namespace watcher among a thousand (covered 0)
    ✘ a chain watcher sees its fallback key but not an unrelated key (covered 0)
    ✘ unsubscribing a chain watcher removes it from every named key (covered 0)
    ✘ a chained watcher compares against the full resolved namespace chain (covered 0)
    ✘ an empty namespace chain is rejected (covered 0)
    ✘ a non-namespace ns value is a loud error, not a silent key (covered 0)
    ✘ a watcher that writes during notify does not rob a later watcher of its change (covered 0)
    ✘ named and chained cell watches notify only when their resolved value changes (covered 0)
    ✘ a failed named resource retries without leaking to a sibling chain (covered 0)
    ✘ named tag all keeps repeated bindings through a chain (covered 0)
    ✘ ambient namespace survives child, tagged subflow, inline run, and imperative controllers (covered 0)
  observation.test.ts
    ✘ a manual child span exports its event (covered 0)
    ✘ a manual child span that returns a value closes as ok (covered 0)
    ✘ a manual child span that throws closes as failed and rethrows (covered 0)
    ✘ an async child span closes as ok when its promise resolves (covered 0)
    ✘ an async child span closes as failed when its promise rejects (covered 0)
    ✘ sibling spans carry distinct ids in call order (covered 0)
    ✘ a run retains its span in history (covered 0)
  operations.test.ts
    ✘ a tagged call replays typed input inside the child session (covered 0)
    ✘ a tagged call replays raw input inside the child session (covered 0)
    ✘ a tagged call with no input still reads the call tags (covered 0)
    ✘ an operation writes through a data controller edge (covered 0)
    ✘ a sync run retains its span in history before run returns (covered 0)
    ✘ a session body rejected with a primitive keeps its cause under close (covered 0)
  random.test.ts
    ✘ two scopes with the same seed replay the same next() stream (covered 0)
    ✘ two scopes with the same seed replay the same uuid() stream, each v4-shaped (covered 0)
    ✘ different seeds produce different next() streams (covered 0)
    ✘ uuid() yields a distinct id on each call (covered 0)
    ✘ makeTestRandom with no seed is a deterministic default generator (covered 0)
    ✘ a scope with no random option reads the system source (covered 0)
    ✘ the system source uses the native randomUUID when the page has it (covered 0)
    ✘ the system source still makes v4 ids where randomUUID is missing (plain-http browser pages) (covered 0)
    ✘ a child session inherits the parent scope's injected random (covered 0)
  resources.test.ts
    ✘ a child session reads its parent's cell value (covered 0)
    ✘ releasing a resource drops its dependents so they rebuild (covered 0)
    ✘ a throwing operation defer is aggregated as TeardownFailed (covered 0)
    ✘ releasing a cell cascades into a resource behind its controller edge (covered 0)
    ✘ a released resource rebuilds with a fresh generation (covered 0)
    ✘ releasing a data cell resets it and releases only its dependents (covered 0)
    ✘ a factory that declares no ctx fails its defer with Disposed (covered 0)
    ✘ a factory that declares no ctx still reads its abort signal (covered 0)
    ✘ a resource context hands the same abort signal on every read (covered 0)
    ✘ releasing one resource leaves another resource's cleanup in place (covered 0)
    ✘ releasing a mid-chain resource tears down each dependent once in order (covered 0)
    ✘ a resource cleanup that rejects asynchronously lands in teardown errors (covered 0)
    ✘ a child session reads its parent's latest write (covered 0)
    ✘ a child update builds on its parent's latest write (covered 0)
    ✘ releasing a dependency after its dependent never tears down twice (covered 0)
    ✘ a release inside a run drains unrelated cleanups at once (covered 0)
    ✘ a build superseded twice never publishes its value (covered 0)
    ✘ a finished borrow is forgotten before the next release (covered 0)
    ✘ a defer from a superseded build never joins the live rebuild's drain (covered 0)
    ✘ a failing start fails the scope with its cause (covered 0)
    ✘ a forced close aborts a nested grandchild session (covered 0)
    ✘ a rejection from a superseded build never goes sticky (covered 0)
    ✘ get on a rejected build returns its rejection (covered 0)
    ✘ concurrent resolves share one tracked build (covered 0)
    ✘ releasing a diamond leg then the root still tears down the other leg (covered 0)
    ✘ a build that releases itself still rebuilds on the next resolve (covered 0)
    ✘ a release waits for every borrower, not just the first done (covered 0)
  run-ctx.test.ts
    ✘ a body behind a rest-parameter wrapper reads ctx (untagged) (covered 0)
    ✘ a body with a defaulted ctx parameter reads the real ctx (untagged) (covered 0)
    ✘ a body reading its second argument through `arguments` gets ctx (untagged) (covered 0)
    ✘ a body behind a rest-parameter wrapper reads ctx (tagged) (covered 0)
    ✘ a body with a defaulted ctx parameter reads the real ctx (tagged) (covered 0)
    ✘ a body reading its second argument through `arguments` gets ctx (tagged) (covered 0)
  run-result.test.ts
    ✘ settle returns an async operation's success value (covered 0)
    ✘ settle classifies a registry-shaped Error as an error (covered 0)
    ✘ settle classifies a plain Error as a panic (covered 0)
    ✘ settle classifies a non-Error object with a kind and a payload as a panic (covered 0)
    ✘ settle classifies an Error with a kind but no payload as a panic (covered 0)
    ✘ settle classifies an Error whose kind is not a string as a panic (covered 0)
    ✘ settle returns a primitive panic without an origin (covered 0)
    ✘ settle returns the value when an operation returns under a forced close (covered 0)
    ✘ settle returns what run returns when a body answers its abort with a value (covered 0)
    ✘ settle reports cancellation when a body rejects with its abort reason (covered 0)
    ✘ settle mirrors run for a sync operation under a forced close (covered 0)
    ✘ settle reports a cancel reason from another scope as a failure (covered 0)
    ✘ a forced close's cancel reason reads as AbortError text (covered 0)
    ✘ a forced close's cancel reason is named AbortError (covered 0)
    ✘ a forced close's cancel reason inspects as AbortError text (covered 0)
    ✘ settle reports a foreign AbortError rejecting during a forced close as a failure (covered 0)
    ✘ settle reports cancellation when a forced close aborts its operation (covered 0)
    ✘ settle returns a sync Result for an untagged sync operation (covered 0)
    ✘ settle on a tagged sync call returns its Result directly when it ended in place (ADR 0072) (covered 0)
    ✘ scope settle accepts a typed inline call without making it async (covered 0)
    ✘ scope settle on a tagged inline config: a Result in place, a native promise when it waits (ADR 0072) (covered 0)
    ✘ settle on an unknown-typed operation types as a Result or a promise of one (covered 0)
    ✘ settle on a generic operation assigns to a Result or a promise of one (covered 0)
    ✘ scope settle keeps an unknown-typed inline a Result or a promise of one (covered 0)
    ✘ settle recovers a root operation's panic without failing the layer (covered 0)
    ✘ settle recovers through a bare operation dependency (covered 0)
    ✘ settle recovers through a controller edge (covered 0)
    ✘ a settle call remains recovered when its caller finishes first (covered 0)
    ✘ a tagged settle failure does not bubble through a graceful parent close (covered 0)
    ✘ settle returns a closed-scope error rather than throwing (covered 0)
    ✘ a sync throw gets the innermost run's origin (covered 0)
    ✘ an async rejection gets the innermost run's origin (covered 0)
    ✘ three failed runs build a root-first origin path (covered 0)
    ✘ originOf follows cause chains to a stamped error (covered 0)
    ✘ rethrowing an already-stamped error keeps its first origin (covered 0)
    ✘ a sentinel error thrown on every settle keeps a one-run path (covered 0)
    ✘ a sentinel thrown by a tagged root run five times keeps a one-run path (covered 0)
    ✘ a sentinel thrown by a namespaced root run five times keeps a one-run path (covered 0)
    ✘ a tagged subflow keeps its caller in the path (covered 0)
    ✘ a sibling rethrow does not extend the first path (covered 0)
    ✘ an observed origin carries the failed run's span id (covered 0)
    ✘ an unobserved origin has no span id (covered 0)
    ✘ destructured operation raise sets kind, payload, and message at the throw site (covered 0)
    ✘ resource raise stamps the resource ctx before a run receives it (covered 0)
    ✘ an escaping operation raise adds its own run label only once (covered 0)
    ✘ an empty ctx raise gets its origin from the run it reaches (covered 0)
    ✘ extension raise stamps the start ctx (covered 0)
    ✘ a failed session close carries its error's origin (covered 0)
  run-seams.test.ts
    ✘ a cached controller refuses a tagged run once its scope closed (covered 0)
    ✘ a cached controller refuses an untagged run once its scope closed (covered 0)
    ✘ a tagged sync run that raises a managed error rejects with it (covered 0)
    ✘ a run's borrow is released after its sync defer, so a release and a close do not wait on it (covered 0)
    ✘ more than eight bindings on one layer: nearest wins and .all keeps authored order, newest first (covered 0)
    ✘ .all reads a handful of bindings across layers, nearest layer first, newest first (covered 0)
    ✘ a closed scope with session hooks refuses a new session (covered 0)
  session-end.test.ts
    ✘ a session that ended leaves its signal aborted: tagged=false, async=false (covered 0)
    ✘ a session that ended leaves its signal aborted: tagged=false, async=true (covered 0)
    ✘ a session that ended leaves its signal aborted: tagged=true, async=false (covered 0)
    ✘ a session that ended leaves its signal aborted: tagged=true, async=true (covered 0)
    ✘ a throwing then getter rejects the session and closes it (covered 0)
    ✘ a then getter is read once: the body value is the first read's (covered 0)
    ✘ a then getter usable once still succeeds (covered 0)
    ✘ a watcher registered by the body sees an immediate parent write: ns=false (covered 0)
    ✘ a watcher registered by the body sees an immediate parent write: ns=true (covered 0)
    ✘ a leaked handle is disposed once the body returned: onClose raises Disposed (covered 0)
    ✘ a leaked handle is disposed once the body returned: resolve raises Disposed (covered 0)
    ✘ close({ withData: true }) keeps the data inside the body, and gets none after it (covered 0)
    ✘ a parent's forced close requested inside a sync body cancels the session (covered 0)
    ✘ a late close of a session that ended in place gets a Result of its own (covered 0)
  sessions.test.ts
    ✘ a session hook that throws before next still lets the body run and rethrows the hook error (covered 0)
    ✘ two session hooks see each ordered end in turn (covered 0)
    ✘ a body that rejects inside session fails the close with its cause (covered 0)
    ✘ a session body that throws sync rejects the session with its cause (covered 0)
    ✘ a cancelled session rejects with its reason (covered 0)
    ✘ a failing teardown inside session still reports the body failure (covered 0)
    ✘ a close re-entered during a failing teardown reports the failure (covered 0)
    ✘ a close re-entered during a clean forced teardown reports cancelled (covered 0)
    ✘ a forced close with a cleanup still settles cancelled (covered 0)
    ✘ settled stays pending until an operation's async cleanup finishes (covered 0)
    ✘ a wrapped session body that throws sync still drains cleanups then reports the cause (covered 0)
    ✘ three session hooks nest in registration order (covered 0)
    ✘ a close hook sees the settled end (covered 0)
    ✘ a graceful close through hooks settles success (covered 0)
    ✘ a failing body with a failing cleanup reports both causes (covered 0)
    ✘ a session that ends cancelled rejects with its reason (covered 0)
    ✘ session hooks wrap sessions nested two deep (covered 0)
    ✘ a close re-entered from an async cleanup is still acknowledged (covered 0)
    ✘ an operation that finishes after abort still sees cancelled (covered 0)
    ✘ a cleanup that closes another scope sees its real result (covered 0)
    ✘ a wrapped session cut by a forced close rejects (covered 0)
    ✘ a clean body with a failing cleanup still reports the cleanup (covered 0)
    ✘ an idle scope's close still reports an operation cleanup that threw (covered 0)
  start-log.test.ts
    ✘ extension start extension start logs before and after next reach the scope sink without a span (covered 0)
    ✘ extension start a destructured extension start logger sends every level without span observation (covered 0)
    ✘ extension start an info threshold drops extension start debug lines before reading the clock (covered 0)
    ✘ extension start extension start logging without a sink reads no clock or attributes (covered 0)
    ✘ extension start a failed extension start delivers the log before its throw (covered 0)
    ✘ extension start a throwing extension start log sink does not fail ready (covered 0)
    ✘ an extension close hook logs before and after next with the scope filter and clock (covered 0)
  step-log.test.ts
    ✘ an observed operation logs its label, elapsed time, outcome, level, and span (covered 0)
    ✘ a failed operation logs its failure at error level (covered 0)
    ✘ nested subflows log child before parent, once each (covered 0)
    ✘ an info threshold drops ok step lines but keeps failed ones (covered 0)
    ✘ logging without observation keeps ctx.log but emits no step line (covered 0)
    ✘ observing without a log sink preserves operation and resource spans (covered 0)
    ✘ a throwing step log sink does not change the run result (covered 0)
  sticky-panic.test.ts
    ✘ a panic caught with try/catch still fails its layer (covered 0)
    ✘ a panic received through settle leaves its layer successful (covered 0)
    ✘ settle recovers a panic that a nested subflow threw (covered 0)
    ✘ settle recovers a panic carried as the cause of the error it receives (covered 0)
    ✘ a panic swallowed inside a settled run still fails the layer (covered 0)
    ✘ settle recovers only the panic it receives, not one swallowed earlier (covered 0)
    ✘ a caught panic after an earlier failure leaves the first failure as the layer's error (covered 0)
    ✘ a managed error caught with try/catch leaves its layer successful (covered 0)
    ✘ a caught panic in a session run fails that session and not its parent (covered 0)
    ✘ a caught panic in an inline run fails the scope it ran in (covered 0)
    ✘ a panic caught inside a tagged run fails the run's own session (covered 0)
    ✘ a tagged subflow's panic fails its caller's layer even when the caller catches it (covered 0)
    ✘ a forced close after a caught panic settles failed, not cancelled (covered 0)
    ✘ two caught panics in one layer leave the first as the layer's error (covered 0)
    ✘ a caught panic before a failed resource build stays the layer's error (covered 0)
  tagged-frame-boundaries.test.ts
    ✘ a run that touches nothing comes back as a value, and its tag was visible (covered 0)
    ✘ an op-level defer runs before the value comes back and needs no session (covered 0)
    ✘ a write through a data-controller dep stays in the run's session (covered 0)
    ✘ a session resource built during the run lives in the run's session and is cleaned when it ends (covered 0)
    ✘ a watcher registered by the run keeps the session on the full path (covered 0)
    ✘ a first signal read attaches the session; the signal reads aborted once the run ended (covered 0)
    ✘ a signal read only after the run ended is aborted too (covered 0)
    ✘ a panic in a sync tagged body fails the run's own session, not its parent (covered 0)
    ✘ a parent's forced close requested inside a sync tagged body cancels the run (covered 0)
    ✘ a tagged subflow inside a tagged run: the inner waits (a body is running), the outer waits for it (covered 0)
    ✘ a managed error raised by the run rejects the call and leaves the parent healthy (covered 0)
    ✘ a parent close requested while a tagged call's body is being adopted waits for the call (covered 0)
  tagged-frame.test.ts
    ✘ the first defer keeps reverse order and the run's end (covered 0)
    ✘ the first async defer keeps the tagged call pending (covered 0)
    ✘ the first signal read joins the parent's forced close (covered 0)
    ✘ a parent close inside an untouched tagged body sees that body (covered 0)
    ✘ the first write stays in the tagged session: named=false (covered 0)
    ✘ the first watcher sees a parent write before tagged close: named=false (covered 0)
    ✘ the first write stays in the tagged session: named=true (covered 0)
    ✘ the first watcher sees a parent write before tagged close: named=true (covered 0)
    ✘ the first resource build sees inherited namespaces and the call's tags (covered 0)
    ✘ the first nested tagged build owns its resource and both tag levels (covered 0)
    ✘ the first dropped subflow is joined by tagged close (covered 0)
    ✘ a first panic fails the tagged session and leaves the root open (covered 0)
    ✘ the first nested panic keeps its caller in the error path (covered 0)
    ✘ session hooks read the first write after next and run hooks fire once (covered 0)
  tagged-lifetime.test.ts
    ✘ catching a subflow panic still fails its tagged session (covered 0)
    ✘ a sync cleanup error fails an otherwise empty tagged call (covered 0)
    ✘ a data controller from an idle tagged call refuses a late write (covered 0)
    ✘ a nested tagged watcher sees a root write before the nested body returns (covered 0)
    ✘ a later tagged sibling does not detach a live watcher (covered 0)
    ✘ a tagged call started by its parent's abort sees cancelled cleanup (covered 0)
    ✘ an ancestor collects a late tagged failure after that child has detached (covered 0)
    ✘ adopting a body's late then method keeps its tagged controller writable (covered 0)
    ✘ a forced parent close reaches a body adopted after its run returned (covered 0)
    ✘ a tagged session adopts a callable made thenable by run cleanup (covered 0)
  tagged-wait.test.ts
    ✘ wait: a promise body (covered 0)
    ✘ wait: a defer registered by a session resource of the run (covered 0)
    ✘ wait: a session resource built for the run, even with no cleanup (covered 0)
    ✘ wait: a child session opened by the body (covered 0)
    ✘ wait: pending work the body did not await (covered 0)
    ✘ wait: a signal handed out, aborted once the run ended (covered 0)
    ✘ wait: a failure rejects through a promise (covered 0)
    ✘ wait: a session hook wraps the tagged call once (covered 0)
    ✘ wait: a tagged subflow called before its caller's first await; a value after it (covered 0)
    ✘ in place: a sync body on an idle session comes back as a value, and reads its tag (covered 0)
  trace.test.ts
    ✘ importing core draws no random values; the id stream seeds on the first observed span (covered 0)
    ✘ a root span has nonzero W3C ids before its body runs (covered 0)
    ✘ operation, resource, and manual children inherit the trace and name their parent span (covered 0)
    ✘ two unseeded root spans start different traces (covered 0)
    ✘ span JSON keeps public fields, ids, attributes, and events without internal state (covered 0)
    ✘ a seeded random replays trace and span ids (covered 0)
    ✘ reading ids later leaves the seeded random stream and ids unchanged (covered 0)
    ✘ observation leaves seeded and custom user randomness unchanged (covered 0)
    ✘ user random reads do not change seeded trace and child span ids (covered 0)
    ✘ seeded ids use generator bits in every hex position and stay nonzero (covered 0)
    ✘ observation off leaves the ambient random stream untouched (covered 0)
    ✘ a session copies its remote trace seed and child sessions inherit it (covered 0)
    ✘ a session seed overrides its scope seed without changing siblings (covered 0)
    ✘ a seeded subflow uses its local caller as parent and keeps the sampled flag (covered 0)
    ✘ a null session seed starts a fresh trace without changing its parent (covered 0)
    ✘ a session seed follows direct resource builds to their scope owner (covered 0)
  with-data.test.ts
    ✘ a default close frees a session's data and returns none (covered 0)
    ✘ a withData close hands over what the session wrote, never what it inherited (covered 0)
    ✘ a family member and a namespaced session's cell read back from data (covered 0)
    ✘ a graceful withData close keeps what in-flight work wrote before it settled (covered 0)
    ✘ a session hook reads the session's cells and tags after next (covered 0)
    ✘ a session hook cannot write a cell or read a resource after next (covered 0)
    ✘ a hooked session's reads throw once its hooks return (covered 0)

Ran 2.00 tests per mutant on average.
----------|------------------|----------|-----------|------------|----------|----------|
          | % Mutation score |          |           |            |          |          |
File      |  total | covered | # killed | # timeout | # survived | # no cov | # errors |
----------|--------|---------|----------|-----------|------------|----------|----------|
All files | 100.00 |  100.00 |        1 |         0 |          0 |        0 |        0 |
 index.ts | 100.00 |  100.00 |        1 |         0 |          0 |        0 |        0 |
----------|--------|---------|----------|-----------|------------|----------|----------|
[32m04:04:57 (2140278) INFO MutationTestReportHelper[39m Final mutation score of 100.00 is greater than or equal to break threshold 85
[32m04:04:57 (2140278) INFO JsonReporter[39m Your report can be found at: file:///home/paseo/next/tinkered-close-hook/packages/core/reports/mutation/mutation.json
[32m04:04:57 (2140278) INFO MutationTestExecutor[39m Done in 9 seconds.

EXIT 0
[Killed] line 5508 OptionalChaining: lifetime.finish(result)
