(trimmed at landing: last 60 of 873 lines)
  tagged-lifetime.test.ts
    ✘ catching a subflow panic still fails its tagged session (covered 0)
    ✘ a sync cleanup error fails an otherwise empty tagged call (covered 0)
    ✘ a data controller from an idle tagged call refuses a late write (covered 0)
    ✘ a nested tagged watcher sees a root write before the nested body returns (covered 0)
    ✘ a later tagged sibling does not detach a live watcher (covered 0)
    ✘ a tagged call started by its parent's abort sees cancelled cleanup (covered 0)
    ✘ an ancestor collects a late tagged failure after that child has detached (covered 0)
    ✘ adopting a body's late then method keeps its tagged controller writable (covered 0)
    ✘ a forced parent close reaches a body adopted after its run returned (covered 0)
    ✘ a tagged session adopts a callable made thenable by run cleanup (covered 0)
  tagged-wait.test.ts
    ✘ wait: a promise body (covered 0)
    ✘ wait: a defer registered by a session resource of the run (covered 0)
    ✘ wait: a session resource built for the run, even with no cleanup (covered 0)
    ✘ wait: a child session opened by the body (covered 0)
    ✘ wait: pending work the body did not await (covered 0)
    ✘ wait: a signal handed out, aborted once the run ended (covered 0)
    ✘ wait: a failure rejects through a promise (covered 0)
    ✘ wait: a session hook wraps the tagged call once (covered 0)
    ✘ wait: a tagged subflow called before its caller's first await; a value after it (covered 0)
    ✘ in place: a sync body on an idle session comes back as a value, and reads its tag (covered 0)
  trace.test.ts
    ✘ importing core draws no random values; the id stream seeds on the first observed span (covered 0)
    ✘ a root span has nonzero W3C ids before its body runs (covered 0)
    ✘ operation, resource, and manual children inherit the trace and name their parent span (covered 0)
    ✘ two unseeded root spans start different traces (covered 0)
    ✘ span JSON keeps public fields, ids, attributes, and events without internal state (covered 0)
    ✘ a seeded random replays trace and span ids (covered 0)
    ✘ reading ids later leaves the seeded random stream and ids unchanged (covered 0)
    ✘ observation leaves seeded and custom user randomness unchanged (covered 0)
    ✘ user random reads do not change seeded trace and child span ids (covered 0)
    ✘ seeded ids use generator bits in every hex position and stay nonzero (covered 0)
    ✘ observation off leaves the ambient random stream untouched (covered 0)
    ✘ a session copies its remote trace seed and child sessions inherit it (covered 0)
    ✘ a session seed overrides its scope seed without changing siblings (covered 0)
    ✘ a seeded subflow uses its local caller as parent and keeps the sampled flag (covered 0)
    ✘ a null session seed starts a fresh trace without changing its parent (covered 0)
    ✘ a session seed follows direct resource builds to their scope owner (covered 0)
  with-data.test.ts
    ✘ a default close frees a session's data and returns none (covered 0)
    ✘ a withData close hands over what the session wrote, never what it inherited (covered 0)
    ✘ a family member and a namespaced session's cell read back from data (covered 0)
    ✘ a graceful withData close keeps what in-flight work wrote before it settled (covered 0)
    ✘ a session hook reads the session's cells and tags after next (covered 0)
    ✘ a session hook cannot write a cell or read a resource after next (covered 0)
    ✘ a hooked session's reads throw once its hooks return (covered 0)

Ran NaN tests per mutant on average.
----------|------------------|----------|-----------|------------|----------|----------|
          | % Mutation score |          |           |            |          |          |
File      |  total | covered | # killed | # timeout | # survived | # no cov | # errors |
----------|--------|---------|----------|-----------|------------|----------|----------|
All files |    n/a |     n/a |        0 |         0 |          0 |        0 |        0 |
----------|--------|---------|----------|-----------|------------|----------|----------|
[32m04:02:30 (2136922) INFO MutationTestReportHelper[39m Final mutation score of NaN is greater than or equal to break threshold 85
[32m04:02:30 (2136922) INFO JsonReporter[39m Your report can be found at: file:///home/paseo/next/tinkered-close-hook/packages/core/reports/mutation/mutation.json
[32m04:02:30 (2136922) INFO MutationTestExecutor[39m Done in 9 seconds.

EXIT 0
