~/packages/core$ vp test -- tests/closing.test.ts -t 'a graceful root close' ⊘ cache disabled

 RUN  v5.0.1 /home/paseo/next/tinkered-close-hook/packages/core

 ❯ tests/closing.test.ts (2 tests | 1 failed | 1 skipped) 1047ms
   × a graceful root close ends a resource-owned wait before draining work 1041ms

⎯⎯⎯⎯⎯⎯⎯ Failed Tests 1 ⎯⎯⎯⎯⎯⎯⎯

 FAIL  tests/closing.test.ts > a graceful root close ends a resource-owned wait before draining work
AssertionError: expected false to be true // Object.is equality

- Expected
+ Received

- true
+ false

 ❯ tests/closing.test.ts:35:36
     33|   });
     34|   try {
     35|     await expect.poll(() => ended).toBe(true);
       |                                    ^
     36|     expect((await closing).status).toBe("success");
     37|   } finally {

Caused by: Error: Matcher did not succeed in time.
 ❯ tests/closing.test.ts:35:5

⎯⎯⎯⎯⎯⎯⎯⎯⎯⎯⎯⎯⎯⎯⎯⎯⎯⎯⎯⎯⎯⎯⎯⎯[1/1]⎯


 Test Files  1 failed (1)
      Tests  1 failed | 1 skipped (2)
   Start at  00:12:48
   Duration  1.62s (tests 72%, transform 25%, import 3%)


