Core batch B: source checks at 3c5e9b87
Node 24.21.0; V8 13.6.233.17-node.53
vp install: EXIT 0
full-build: EXIT 0
ticket: EXIT 0
validate: EXIT 0
prose: EXIT 0
scaffold: EXIT 0
Core: 872 source tests; 882 built-file tests.
All package test configs passed; lint: 0 errors, 27 warnings (same as main).
pnpm validate: all 19 lanes PASS.
Scaffold check: 42 files; 10 plain functions; cap 17.
Changed declarations and Q2 test: strict style EXIT 0.
Full Core strict style: inherited S04 2->1; S10 1->1; S14 1->1; P06 1->1.
TSDoc: EXIT 0; no S26 rows.
Jev review: EXIT 0; no flags.
SCIP: Core, React, Start, Blueprint indexed; all seven public handle refs checked.
Six retired brand symbol names: no refs.
One actual operationSym shared by all seven numeric handle kinds.
Gzip: base 15892; borrow 15880; hook 15881; brand 15898; cap 16384.

Queued-source runtime equivalence:
index.mjs: identical runtime bytes; sha256 79386d3231dc3c1335321e592379ee3b76efc88f8fd83c7fa8711befa67bb15d
testing.mjs: identical runtime bytes; sha256 c501bb800c08290b35346bd85c3b7b6ea9182c991d71fc4880b38efb3ed04352
index.mjs: identical runtime bytes; sha256 971e4148d86789896239f2b6badc128a56f4c984699d2a9c1121f3f06b9a8cdb
testing.mjs: identical runtime bytes; sha256 c501bb800c08290b35346bd85c3b7b6ea9182c991d71fc4880b38efb3ed04352
