git rev-parse HEAD
bd9f3f9c76c6fb708297fb1ab848fd9dc55c1eb1
git status --porcelain before

Command: flock /tmp/mutation.lock vp run @tinker/start#mutate
EXIT 0
git status --porcelain after

Kills alone: 3960/4706 = 84.15% (floor 75: PASS)
Timeouts count in the denominator, not as kills; the one error also counts in the denominator.

-----------------------------|------------------|----------|-----------|------------|----------|----------|
                             | % Mutation score |          |           |            |          |          |
File                         |  total | covered | # killed | # timeout | # survived | # no cov | # errors |
-----------------------------|--------|---------|----------|-----------|------------|----------|----------|
All files                    |  85.40 |   87.81 |     3960 |        58 |        558 |      129 |        1 |
 lib                         |  85.56 |   89.04 |     2431 |         5 |        300 |      111 |        0 |
  checks                     |  90.41 |   90.91 |     1148 |         2 |        115 |        7 |        0 |
   boundary.mjs              | 100.00 |  100.00 |       10 |         0 |          0 |        0 |        0 |
   bytes.mjs                 |  96.47 |   96.47 |       82 |         0 |          3 |        0 |        0 |
   env.mjs                   | 100.00 |  100.00 |       55 |         0 |          0 |        0 |        0 |
   examples.mjs              |  78.95 |   78.95 |       90 |         0 |         24 |        0 |        0 |
   generated.mjs             |  91.40 |   91.89 |      170 |         0 |         15 |        1 |        0 |
   glue.mjs                  |  94.98 |   94.98 |      206 |         2 |         11 |        0 |        0 |
   imports.mjs               |  87.63 |   87.63 |       85 |         0 |         12 |        0 |        0 |
   named.mjs                 |  96.34 |   96.34 |       79 |         0 |          3 |        0 |        0 |
   result.mjs                | 100.00 |  100.00 |       16 |         0 |          0 |        0 |        0 |
   routes.mjs                |  93.16 |   93.16 |      109 |         0 |          8 |        0 |        0 |
   style.mjs                 |  85.02 |   86.55 |      193 |         0 |         30 |        4 |        0 |
   version.mjs               |  82.81 |   85.48 |       53 |         0 |          9 |        2 |        0 |
  build-output.mjs           |  61.04 |   85.45 |       47 |         0 |          8 |       22 |        0 |
  compression.mjs            |  76.40 |   77.27 |      136 |         0 |         40 |        2 |        0 |
  doctor.mjs                 |  99.05 |   99.05 |      104 |         0 |          1 |        0 |        0 |
  env.mjs                    |  85.71 |   85.71 |       12 |         0 |          2 |        0 |        0 |
  glue.mjs                   |  95.24 |   95.24 |       80 |         0 |          4 |        0 |        0 |
  hooks.mjs                  |  86.36 |   90.48 |       19 |         0 |          2 |        1 |        0 |
  jsonc.mjs                  |  83.95 |   83.95 |       68 |         0 |         13 |        0 |        0 |
  named.mjs                  |  93.10 |   93.10 |       54 |         0 |          4 |        0 |        0 |
  part-env.mjs               |  96.97 |   96.97 |       32 |         0 |          1 |        0 |        0 |
  parts.mjs                  |  97.30 |   97.30 |       36 |         0 |          1 |        0 |        0 |
  paths.mjs                  |  81.63 |   83.33 |       40 |         0 |          8 |        1 |        0 |
  prepare.mjs                |  97.75 |   97.75 |       87 |         0 |          2 |        0 |        0 |
  release.mjs                |  74.07 |   74.07 |       20 |         0 |          7 |        0 |        0 |
  route-path.mjs             |  83.48 |   84.21 |       95 |         1 |         18 |        1 |        0 |
  serve.mjs                  |  80.13 |   83.89 |      123 |         2 |         24 |        7 |        0 |
  source.mjs                 |  82.08 |   84.55 |      197 |         0 |         36 |        7 |        0 |
  typecheck.mjs              |  87.80 |   87.80 |       36 |         0 |          5 |        0 |        0 |
  upgrade.mjs                |  57.40 |   91.51 |       97 |         0 |          9 |       63 |        0 |
 src                         |  85.15 |   85.98 |     1529 |        53 |        258 |       18 |        1 |
  backend                    |  75.77 |   76.96 |      147 |         0 |         44 |        3 |        0 |
   body.server.ts            |  83.08 |   83.08 |       54 |         0 |         11 |        0 |        0 |
   headers.server.ts         |   0.00 |    0.00 |        0 |         0 |          2 |        0 |        0 |
   health.ts                 |  80.00 |   80.00 |        4 |         0 |          1 |        0 |        0 |
   http-backend.ts           |  33.33 |   33.33 |        1 |         0 |          2 |        0 |        0 |
   http.ts                   |  87.30 |   90.16 |       55 |         0 |          6 |        2 |        0 |
   lifetime.ts               |   0.00 |    0.00 |        0 |         0 |          4 |        0 |        0 |
   render-lifetime.server.ts |  55.56 |   58.82 |       10 |         0 |          7 |        1 |        0 |
   request-body.server.ts    |  54.17 |   54.17 |       13 |         0 |         11 |        0 |        0 |
   result.server.ts          | 100.00 |  100.00 |       10 |         0 |          0 |        0 |        0 |
  defaults                   | 100.00 |  100.00 |        2 |         0 |          0 |        0 |        0 |
   server.ts                 | 100.00 |  100.00 |        2 |         0 |          0 |        0 |        0 |
  entry                      |  96.43 |   96.43 |       27 |         0 |          1 |        0 |        0 |
   dev-error.ts              |  95.83 |   95.83 |       23 |         0 |          1 |        0 |        0 |
   error-detail.ts           | 100.00 |  100.00 |        4 |         0 |          0 |        0 |        0 |
  parts                      |  86.23 |   87.05 |     1316 |        49 |        203 |       15 |        1 |
   auth                      |  92.00 |   92.00 |       23 |         0 |          2 |        0 |        0 |
    handle.server.ts         | 100.00 |  100.00 |        4 |         0 |          0 |        0 |        0 |
    off.ts                   | 100.00 |  100.00 |        2 |         0 |          0 |        0 |        0 |
    on.server.ts             | 100.00 |  100.00 |        2 |         0 |          0 |        0 |        0 |
    settings.ts              |  88.24 |   88.24 |       15 |         0 |          2 |        0 |        0 |
   sync                      |  87.70 |   88.94 |      781 |        39 |        102 |       13 |        1 |
    client                   |  89.93 |   91.18 |      389 |         4 |         38 |        6 |        1 |
     events.ts               |  92.69 |   93.12 |      200 |         3 |         15 |        1 |        0 |
     owner.ts                |  87.18 |   87.18 |       34 |         0 |          5 |        0 |        1 |
     router.ts               |  92.86 |   92.86 |       13 |         0 |          1 |        0 |        0 |
     sync.ts                 |  86.96 |   89.74 |      139 |         1 |         16 |        5 |        0 |
     tab.ts                  |  75.00 |   75.00 |        3 |         0 |          1 |        0 |        0 |
    endpoint.server.ts       |  94.87 |   94.87 |       37 |         0 |          2 |        0 |        0 |
    envelopes.ts             |  82.14 |   82.14 |       23 |         0 |          5 |        0 |        0 |
    history.server.ts        |  91.89 |   94.44 |       34 |         0 |          2 |        1 |        0 |
    notifications.server.ts  |  87.20 |   87.20 |      135 |         8 |         21 |        0 |        0 |
    off.ts                   |  66.67 |   66.67 |        4 |         0 |          2 |        0 |        0 |
    on.ts                    | 100.00 |  100.00 |        2 |         0 |          0 |        0 |        0 |
    protocol.ts              | 100.00 |  100.00 |        8 |         0 |          0 |        0 |        0 |
    schema.ts                |  60.00 |   85.71 |        6 |         0 |          1 |        3 |        0 |
    stream.server.ts         |  83.33 |   84.58 |      143 |        27 |         31 |        3 |        0 |
   telemetry                 |  83.79 |   84.06 |      512 |        10 |         99 |        2 |        0 |
    delivery.ts              |  94.51 |   94.51 |       86 |         0 |          5 |        0 |        0 |
    health.ts                |  25.00 |   25.00 |        1 |         0 |          3 |        0 |        0 |
    ingest.server.ts         |  86.78 |   87.50 |      105 |         0 |         15 |        1 |        0 |
    observer.ts              |  74.12 |   74.12 |       63 |         0 |         22 |        0 |        0 |
    off.ts                   |  27.27 |   27.27 |        3 |         0 |          8 |        0 |        0 |
    on.server.ts             |  50.00 |   50.00 |        6 |         0 |          6 |        0 |        0 |
    on.ts                    |  57.14 |   66.67 |        4 |         0 |          2 |        1 |        0 |
    queue.ts                 |  81.32 |   81.32 |      138 |        10 |         34 |        0 |        0 |
    records.server.ts        | 100.00 |  100.00 |       74 |         0 |          0 |        0 |        0 |
    records.ts               | 100.00 |  100.00 |       17 |         0 |          0 |        0 |        0 |
    settings.ts              |  78.95 |   78.95 |       15 |         0 |          4 |        0 |        0 |
  env.ts                     |   0.00 |    0.00 |        0 |         0 |          2 |        0 |        0 |
  errors.ts                  |  66.67 |   66.67 |       10 |         4 |          7 |        0 |        0 |
  server-entry.ts            | 100.00 |  100.00 |        1 |         0 |          0 |        0 |        0 |
  start.ts                   |  96.30 |   96.30 |       26 |         0 |          1 |        0 |        0 |
-----------------------------|--------|---------|----------|-----------|------------|----------|----------|
